
Allocating common symbols
Common symbol       size              file

bss_variables       0x3               main.o

Memory Configuration

Name             Origin             Length             Attributes
flash            0x08000000         0x00020000         xr
sram             0x20000000         0x00005000         xrw
*default*        0x00000000         0xffffffff

Linker script and memory map


.text           0x08000000      0x10c
 *(.vectors*)
 .vectors       0x08000000       0x50 startup.o
 *(.text*)
 .text          0x08000050       0xb0 main.o
                0x08000050                main
 .text          0x08000100        0x8 startup.o
                0x08000100                _reset
 *(.rodata)
 .rodata        0x08000108        0x4 main.o
                0x08000108                const_variables
                0x0800010c                _E_text = .

.glue_7         0x0800010c        0x0
 .glue_7        0x00000000        0x0 linker stubs

.glue_7t        0x0800010c        0x0
 .glue_7t       0x00000000        0x0 linker stubs

.vfp11_veneer   0x0800010c        0x0
 .vfp11_veneer  0x00000000        0x0 linker stubs

.v4_bx          0x0800010c        0x0
 .v4_bx         0x00000000        0x0 linker stubs

.iplt           0x0800010c        0x0
 .iplt          0x00000000        0x0 main.o

.rel.dyn        0x0800010c        0x0
 .rel.iplt      0x00000000        0x0 main.o

.data           0x0800010c        0x8
 *(.data*)
 .data          0x0800010c        0x8 main.o
                0x0800010c                R_ODR
                0x08000110                g_varibales
 .data          0x08000114        0x0 startup.o

.igot.plt       0x08000114        0x0
 .igot.plt      0x00000000        0x0 main.o

.bss            0x20000000        0x3
 *(.bss*)
 .bss           0x20000000        0x0 main.o
 .bss           0x20000000        0x0 startup.o
 COMMON         0x20000000        0x3 main.o
                0x20000000                bss_variables
LOAD main.o
LOAD startup.o
OUTPUT(learn-in-depth-cortex-m3.elf elf32-littlearm)

.debug_info     0x00000000      0x22c
 .debug_info    0x00000000      0x1a9 main.o
 .debug_info    0x000001a9       0x83 startup.o

.debug_abbrev   0x00000000      0x102
 .debug_abbrev  0x00000000       0xee main.o
 .debug_abbrev  0x000000ee       0x14 startup.o

.debug_loc      0x00000000       0x38
 .debug_loc     0x00000000       0x38 main.o

.debug_aranges  0x00000000       0x40
 .debug_aranges
                0x00000000       0x20 main.o
 .debug_aranges
                0x00000020       0x20 startup.o

.debug_line     0x00000000       0xea
 .debug_line    0x00000000       0xaf main.o
 .debug_line    0x000000af       0x3b startup.o

.debug_str      0x00000000      0x12d
 .debug_str     0x00000000      0x12d main.o
                                0x177 (size before relaxing)

.comment        0x00000000       0x11
 .comment       0x00000000       0x11 main.o
                                 0x12 (size before relaxing)

.ARM.attributes
                0x00000000       0x31
 .ARM.attributes
                0x00000000       0x33 main.o
 .ARM.attributes
                0x00000033       0x21 startup.o

.debug_frame    0x00000000       0x2c
 .debug_frame   0x00000000       0x2c main.o
