STM32_F103C6_USART_drivers.c:28:6:MCAL_UART_Init	24	static
STM32_F103C6_USART_drivers.c:100:6:MCAL_UART_DeInit	16	static
STM32_F103C6_USART_drivers.c:121:6:MCAL_UART_GPIO_Set_Pins	24	static
STM32_F103C6_USART_drivers.c:222:6:MCAL_UART_SendData	24	static
STM32_F103C6_USART_drivers.c:265:6:MCAL_UART_WAIT_TC	16	static
STM32_F103C6_USART_drivers.c:272:6:MCAL_UART_RecieveData	24	static
STM32_F103C6_USART_drivers.c:373:6:USART1_IRQHandler	8	static
STM32_F103C6_USART_drivers.c:378:6:USART2_IRQHandler	8	static
STM32_F103C6_USART_drivers.c:383:6:USART3_IRQHandler	8	static
