STM32_F103C6_EXTI_drivers.c:39:6:Enable_NVIC	16	static
STM32_F103C6_EXTI_drivers.c:78:6:Disable_NVIC	16	static
STM32_F103C6_EXTI_drivers.c:126:6:MCAL_EXTI_GPIO_Upadte	24	static
STM32_F103C6_EXTI_drivers.c:205:6:MCAL_EXTI_GPIO_Init	16	static
STM32_F103C6_EXTI_drivers.c:217:6:MCAL_EXTI_GPIO_DeInit	4	static
STM32_F103C6_EXTI_drivers.c:247:6:EXTI0_IRQHandler	8	static
STM32_F103C6_EXTI_drivers.c:254:6:EXTI1_IRQHandler	8	static
STM32_F103C6_EXTI_drivers.c:261:6:EXTI2_IRQHandler	8	static
STM32_F103C6_EXTI_drivers.c:268:6:EXTI3_IRQHandler	8	static
STM32_F103C6_EXTI_drivers.c:275:6:EXTI4_IRQHandler	8	static
STM32_F103C6_EXTI_drivers.c:282:6:EXTI9_5_IRQHandler	8	static
STM32_F103C6_EXTI_drivers.c:292:6:EXTI15_10_IRQHandler	8	static
