Archive member included to satisfy reference by file (symbol)

d:/mina/st/stm32cubeide_1.4.0/stm32cubeide/plugins/com.st.stm32cube.ide.mcu.externaltools.gnu-tools-for-stm32.7-2018-q2-update.win32_1.4.0.202007081208/tools/bin/../lib/gcc/arm-none-eabi/7.3.1/../../../../arm-none-eabi/lib/thumb/v7-m\libc_nano.a(lib_a-errno.o)
                              Src/syscalls.o (__errno)
d:/mina/st/stm32cubeide_1.4.0/stm32cubeide/plugins/com.st.stm32cube.ide.mcu.externaltools.gnu-tools-for-stm32.7-2018-q2-update.win32_1.4.0.202007081208/tools/bin/../lib/gcc/arm-none-eabi/7.3.1/../../../../arm-none-eabi/lib/thumb/v7-m\libc_nano.a(lib_a-exit.o)
                              d:/mina/st/stm32cubeide_1.4.0/stm32cubeide/plugins/com.st.stm32cube.ide.mcu.externaltools.gnu-tools-for-stm32.7-2018-q2-update.win32_1.4.0.202007081208/tools/bin/../lib/gcc/arm-none-eabi/7.3.1/../../../../arm-none-eabi/lib/thumb/v7-m/crt0.o (exit)
d:/mina/st/stm32cubeide_1.4.0/stm32cubeide/plugins/com.st.stm32cube.ide.mcu.externaltools.gnu-tools-for-stm32.7-2018-q2-update.win32_1.4.0.202007081208/tools/bin/../lib/gcc/arm-none-eabi/7.3.1/../../../../arm-none-eabi/lib/thumb/v7-m\libc_nano.a(lib_a-impure.o)
                              d:/mina/st/stm32cubeide_1.4.0/stm32cubeide/plugins/com.st.stm32cube.ide.mcu.externaltools.gnu-tools-for-stm32.7-2018-q2-update.win32_1.4.0.202007081208/tools/bin/../lib/gcc/arm-none-eabi/7.3.1/../../../../arm-none-eabi/lib/thumb/v7-m\libc_nano.a(lib_a-exit.o) (_global_impure_ptr)
d:/mina/st/stm32cubeide_1.4.0/stm32cubeide/plugins/com.st.stm32cube.ide.mcu.externaltools.gnu-tools-for-stm32.7-2018-q2-update.win32_1.4.0.202007081208/tools/bin/../lib/gcc/arm-none-eabi/7.3.1/../../../../arm-none-eabi/lib/thumb/v7-m\libc_nano.a(lib_a-init.o)
                              d:/mina/st/stm32cubeide_1.4.0/stm32cubeide/plugins/com.st.stm32cube.ide.mcu.externaltools.gnu-tools-for-stm32.7-2018-q2-update.win32_1.4.0.202007081208/tools/bin/../lib/gcc/arm-none-eabi/7.3.1/../../../../arm-none-eabi/lib/thumb/v7-m/crt0.o (__libc_init_array)
d:/mina/st/stm32cubeide_1.4.0/stm32cubeide/plugins/com.st.stm32cube.ide.mcu.externaltools.gnu-tools-for-stm32.7-2018-q2-update.win32_1.4.0.202007081208/tools/bin/../lib/gcc/arm-none-eabi/7.3.1/../../../../arm-none-eabi/lib/thumb/v7-m\libc_nano.a(lib_a-memset.o)
                              d:/mina/st/stm32cubeide_1.4.0/stm32cubeide/plugins/com.st.stm32cube.ide.mcu.externaltools.gnu-tools-for-stm32.7-2018-q2-update.win32_1.4.0.202007081208/tools/bin/../lib/gcc/arm-none-eabi/7.3.1/../../../../arm-none-eabi/lib/thumb/v7-m/crt0.o (memset)

Allocating common symbols
Common symbol       size              file

IRQ_Flag            0x1               Src/main.o
PinCfg              0x4               STM32_F103C6_Drivers/LCD_Driver/LCD.o
GP_IRQ_CallBack     0x40              STM32_F103C6_Drivers/STM32_F103C6_EXTI_drivers.o

Discarded input sections

 .text          0x0000000000000000        0x0 d:/mina/st/stm32cubeide_1.4.0/stm32cubeide/plugins/com.st.stm32cube.ide.mcu.externaltools.gnu-tools-for-stm32.7-2018-q2-update.win32_1.4.0.202007081208/tools/bin/../lib/gcc/arm-none-eabi/7.3.1/thumb/v7-m/crti.o
 .data          0x0000000000000000        0x0 d:/mina/st/stm32cubeide_1.4.0/stm32cubeide/plugins/com.st.stm32cube.ide.mcu.externaltools.gnu-tools-for-stm32.7-2018-q2-update.win32_1.4.0.202007081208/tools/bin/../lib/gcc/arm-none-eabi/7.3.1/thumb/v7-m/crti.o
 .bss           0x0000000000000000        0x0 d:/mina/st/stm32cubeide_1.4.0/stm32cubeide/plugins/com.st.stm32cube.ide.mcu.externaltools.gnu-tools-for-stm32.7-2018-q2-update.win32_1.4.0.202007081208/tools/bin/../lib/gcc/arm-none-eabi/7.3.1/thumb/v7-m/crti.o
 .data          0x0000000000000000        0x4 d:/mina/st/stm32cubeide_1.4.0/stm32cubeide/plugins/com.st.stm32cube.ide.mcu.externaltools.gnu-tools-for-stm32.7-2018-q2-update.win32_1.4.0.202007081208/tools/bin/../lib/gcc/arm-none-eabi/7.3.1/thumb/v7-m/crtbegin.o
 .text          0x0000000000000000       0x74 d:/mina/st/stm32cubeide_1.4.0/stm32cubeide/plugins/com.st.stm32cube.ide.mcu.externaltools.gnu-tools-for-stm32.7-2018-q2-update.win32_1.4.0.202007081208/tools/bin/../lib/gcc/arm-none-eabi/7.3.1/../../../../arm-none-eabi/lib/thumb/v7-m/crt0.o
 .data          0x0000000000000000        0x0 d:/mina/st/stm32cubeide_1.4.0/stm32cubeide/plugins/com.st.stm32cube.ide.mcu.externaltools.gnu-tools-for-stm32.7-2018-q2-update.win32_1.4.0.202007081208/tools/bin/../lib/gcc/arm-none-eabi/7.3.1/../../../../arm-none-eabi/lib/thumb/v7-m/crt0.o
 .bss           0x0000000000000000        0x0 d:/mina/st/stm32cubeide_1.4.0/stm32cubeide/plugins/com.st.stm32cube.ide.mcu.externaltools.gnu-tools-for-stm32.7-2018-q2-update.win32_1.4.0.202007081208/tools/bin/../lib/gcc/arm-none-eabi/7.3.1/../../../../arm-none-eabi/lib/thumb/v7-m/crt0.o
 .ARM.extab     0x0000000000000000        0x0 d:/mina/st/stm32cubeide_1.4.0/stm32cubeide/plugins/com.st.stm32cube.ide.mcu.externaltools.gnu-tools-for-stm32.7-2018-q2-update.win32_1.4.0.202007081208/tools/bin/../lib/gcc/arm-none-eabi/7.3.1/../../../../arm-none-eabi/lib/thumb/v7-m/crt0.o
 .ARM.exidx     0x0000000000000000        0x8 d:/mina/st/stm32cubeide_1.4.0/stm32cubeide/plugins/com.st.stm32cube.ide.mcu.externaltools.gnu-tools-for-stm32.7-2018-q2-update.win32_1.4.0.202007081208/tools/bin/../lib/gcc/arm-none-eabi/7.3.1/../../../../arm-none-eabi/lib/thumb/v7-m/crt0.o
 .ARM.attributes
                0x0000000000000000       0x1b d:/mina/st/stm32cubeide_1.4.0/stm32cubeide/plugins/com.st.stm32cube.ide.mcu.externaltools.gnu-tools-for-stm32.7-2018-q2-update.win32_1.4.0.202007081208/tools/bin/../lib/gcc/arm-none-eabi/7.3.1/../../../../arm-none-eabi/lib/thumb/v7-m/crt0.o
 .group         0x0000000000000000        0xc STM32_F103C6_Drivers/Keypad_Driver/keypad.o
 .group         0x0000000000000000        0xc STM32_F103C6_Drivers/Keypad_Driver/keypad.o
 .group         0x0000000000000000        0xc STM32_F103C6_Drivers/Keypad_Driver/keypad.o
 .group         0x0000000000000000        0xc STM32_F103C6_Drivers/Keypad_Driver/keypad.o
 .group         0x0000000000000000        0xc STM32_F103C6_Drivers/Keypad_Driver/keypad.o
 .group         0x0000000000000000        0xc STM32_F103C6_Drivers/Keypad_Driver/keypad.o
 .group         0x0000000000000000        0xc STM32_F103C6_Drivers/Keypad_Driver/keypad.o
 .group         0x0000000000000000        0xc STM32_F103C6_Drivers/Keypad_Driver/keypad.o
 .group         0x0000000000000000        0xc STM32_F103C6_Drivers/Keypad_Driver/keypad.o
 .group         0x0000000000000000        0xc STM32_F103C6_Drivers/Keypad_Driver/keypad.o
 .group         0x0000000000000000        0xc STM32_F103C6_Drivers/Keypad_Driver/keypad.o
 .group         0x0000000000000000        0xc STM32_F103C6_Drivers/Keypad_Driver/keypad.o
 .group         0x0000000000000000        0xc STM32_F103C6_Drivers/Keypad_Driver/keypad.o
 .group         0x0000000000000000        0xc STM32_F103C6_Drivers/Keypad_Driver/keypad.o
 .group         0x0000000000000000        0xc STM32_F103C6_Drivers/Keypad_Driver/keypad.o
 .group         0x0000000000000000        0xc STM32_F103C6_Drivers/Keypad_Driver/keypad.o
 .group         0x0000000000000000        0xc STM32_F103C6_Drivers/Keypad_Driver/keypad.o
 .group         0x0000000000000000        0xc STM32_F103C6_Drivers/Keypad_Driver/keypad.o
 .group         0x0000000000000000        0xc STM32_F103C6_Drivers/Keypad_Driver/keypad.o
 .group         0x0000000000000000        0xc STM32_F103C6_Drivers/Keypad_Driver/keypad.o
 .group         0x0000000000000000        0xc STM32_F103C6_Drivers/Keypad_Driver/keypad.o
 .group         0x0000000000000000        0xc STM32_F103C6_Drivers/Keypad_Driver/keypad.o
 .group         0x0000000000000000        0xc STM32_F103C6_Drivers/Keypad_Driver/keypad.o
 .group         0x0000000000000000        0xc STM32_F103C6_Drivers/Keypad_Driver/keypad.o
 .group         0x0000000000000000        0xc STM32_F103C6_Drivers/Keypad_Driver/keypad.o
 .group         0x0000000000000000        0xc STM32_F103C6_Drivers/Keypad_Driver/keypad.o
 .group         0x0000000000000000        0xc STM32_F103C6_Drivers/Keypad_Driver/keypad.o
 .group         0x0000000000000000        0xc STM32_F103C6_Drivers/Keypad_Driver/keypad.o
 .text          0x0000000000000000        0x0 STM32_F103C6_Drivers/Keypad_Driver/keypad.o
 .data          0x0000000000000000        0x0 STM32_F103C6_Drivers/Keypad_Driver/keypad.o
 .bss           0x0000000000000000        0x0 STM32_F103C6_Drivers/Keypad_Driver/keypad.o
 .data.keypad_R
                0x0000000000000000        0x4 STM32_F103C6_Drivers/Keypad_Driver/keypad.o
 .data.keypad_C
                0x0000000000000000        0x4 STM32_F103C6_Drivers/Keypad_Driver/keypad.o
 .data.keypad_character
                0x0000000000000000       0x10 STM32_F103C6_Drivers/Keypad_Driver/keypad.o
 .text.KEYPAD_Init
                0x0000000000000000       0xcc STM32_F103C6_Drivers/Keypad_Driver/keypad.o
 .text.KEYPAD_GetChar
                0x0000000000000000      0x100 STM32_F103C6_Drivers/Keypad_Driver/keypad.o
 .debug_info    0x0000000000000000      0xb4b STM32_F103C6_Drivers/Keypad_Driver/keypad.o
 .debug_abbrev  0x0000000000000000      0x1b5 STM32_F103C6_Drivers/Keypad_Driver/keypad.o
 .debug_loc     0x0000000000000000       0xa0 STM32_F103C6_Drivers/Keypad_Driver/keypad.o
 .debug_aranges
                0x0000000000000000       0x28 STM32_F103C6_Drivers/Keypad_Driver/keypad.o
 .debug_ranges  0x0000000000000000       0x18 STM32_F103C6_Drivers/Keypad_Driver/keypad.o
 .debug_macro   0x0000000000000000      0x17b STM32_F103C6_Drivers/Keypad_Driver/keypad.o
 .debug_macro   0x0000000000000000      0xa60 STM32_F103C6_Drivers/Keypad_Driver/keypad.o
 .debug_macro   0x0000000000000000       0x18 STM32_F103C6_Drivers/Keypad_Driver/keypad.o
 .debug_macro   0x0000000000000000       0x22 STM32_F103C6_Drivers/Keypad_Driver/keypad.o
 .debug_macro   0x0000000000000000       0x40 STM32_F103C6_Drivers/Keypad_Driver/keypad.o
 .debug_macro   0x0000000000000000       0x94 STM32_F103C6_Drivers/Keypad_Driver/keypad.o
 .debug_macro   0x0000000000000000       0x3c STM32_F103C6_Drivers/Keypad_Driver/keypad.o
 .debug_macro   0x0000000000000000       0x34 STM32_F103C6_Drivers/Keypad_Driver/keypad.o
 .debug_macro   0x0000000000000000       0x16 STM32_F103C6_Drivers/Keypad_Driver/keypad.o
 .debug_macro   0x0000000000000000      0x10e STM32_F103C6_Drivers/Keypad_Driver/keypad.o
 .debug_macro   0x0000000000000000       0x8d STM32_F103C6_Drivers/Keypad_Driver/keypad.o
 .debug_macro   0x0000000000000000       0x57 STM32_F103C6_Drivers/Keypad_Driver/keypad.o
 .debug_macro   0x0000000000000000       0x52 STM32_F103C6_Drivers/Keypad_Driver/keypad.o
 .debug_macro   0x0000000000000000       0x1f STM32_F103C6_Drivers/Keypad_Driver/keypad.o
 .debug_macro   0x0000000000000000       0x43 STM32_F103C6_Drivers/Keypad_Driver/keypad.o
 .debug_macro   0x0000000000000000       0x20 STM32_F103C6_Drivers/Keypad_Driver/keypad.o
 .debug_macro   0x0000000000000000      0x1a3 STM32_F103C6_Drivers/Keypad_Driver/keypad.o
 .debug_macro   0x0000000000000000      0x330 STM32_F103C6_Drivers/Keypad_Driver/keypad.o
 .debug_macro   0x0000000000000000       0x16 STM32_F103C6_Drivers/Keypad_Driver/keypad.o
 .debug_macro   0x0000000000000000       0x29 STM32_F103C6_Drivers/Keypad_Driver/keypad.o
 .debug_macro   0x0000000000000000       0x22 STM32_F103C6_Drivers/Keypad_Driver/keypad.o
 .debug_macro   0x0000000000000000       0xef STM32_F103C6_Drivers/Keypad_Driver/keypad.o
 .debug_macro   0x0000000000000000       0x6a STM32_F103C6_Drivers/Keypad_Driver/keypad.o
 .debug_macro   0x0000000000000000      0x1df STM32_F103C6_Drivers/Keypad_Driver/keypad.o
 .debug_macro   0x0000000000000000       0x22 STM32_F103C6_Drivers/Keypad_Driver/keypad.o
 .debug_macro   0x0000000000000000       0x22 STM32_F103C6_Drivers/Keypad_Driver/keypad.o
 .debug_macro   0x0000000000000000      0x1b0 STM32_F103C6_Drivers/Keypad_Driver/keypad.o
 .debug_macro   0x0000000000000000       0xca STM32_F103C6_Drivers/Keypad_Driver/keypad.o
 .debug_macro   0x0000000000000000       0x3a STM32_F103C6_Drivers/Keypad_Driver/keypad.o
 .debug_line    0x0000000000000000      0x61b STM32_F103C6_Drivers/Keypad_Driver/keypad.o
 .debug_str     0x0000000000000000     0x7e7e STM32_F103C6_Drivers/Keypad_Driver/keypad.o
 .comment       0x0000000000000000       0x7c STM32_F103C6_Drivers/Keypad_Driver/keypad.o
 .debug_frame   0x0000000000000000       0x58 STM32_F103C6_Drivers/Keypad_Driver/keypad.o
 .ARM.attributes
                0x0000000000000000       0x33 STM32_F103C6_Drivers/Keypad_Driver/keypad.o
 .group         0x0000000000000000        0xc STM32_F103C6_Drivers/LCD_Driver/LCD.o
 .group         0x0000000000000000        0xc STM32_F103C6_Drivers/LCD_Driver/LCD.o
 .group         0x0000000000000000        0xc STM32_F103C6_Drivers/LCD_Driver/LCD.o
 .group         0x0000000000000000        0xc STM32_F103C6_Drivers/LCD_Driver/LCD.o
 .group         0x0000000000000000        0xc STM32_F103C6_Drivers/LCD_Driver/LCD.o
 .group         0x0000000000000000        0xc STM32_F103C6_Drivers/LCD_Driver/LCD.o
 .group         0x0000000000000000        0xc STM32_F103C6_Drivers/LCD_Driver/LCD.o
 .group         0x0000000000000000        0xc STM32_F103C6_Drivers/LCD_Driver/LCD.o
 .group         0x0000000000000000        0xc STM32_F103C6_Drivers/LCD_Driver/LCD.o
 .group         0x0000000000000000        0xc STM32_F103C6_Drivers/LCD_Driver/LCD.o
 .group         0x0000000000000000        0xc STM32_F103C6_Drivers/LCD_Driver/LCD.o
 .group         0x0000000000000000        0xc STM32_F103C6_Drivers/LCD_Driver/LCD.o
 .group         0x0000000000000000        0xc STM32_F103C6_Drivers/LCD_Driver/LCD.o
 .group         0x0000000000000000        0xc STM32_F103C6_Drivers/LCD_Driver/LCD.o
 .group         0x0000000000000000        0xc STM32_F103C6_Drivers/LCD_Driver/LCD.o
 .group         0x0000000000000000        0xc STM32_F103C6_Drivers/LCD_Driver/LCD.o
 .group         0x0000000000000000        0xc STM32_F103C6_Drivers/LCD_Driver/LCD.o
 .group         0x0000000000000000        0xc STM32_F103C6_Drivers/LCD_Driver/LCD.o
 .group         0x0000000000000000        0xc STM32_F103C6_Drivers/LCD_Driver/LCD.o
 .group         0x0000000000000000        0xc STM32_F103C6_Drivers/LCD_Driver/LCD.o
 .group         0x0000000000000000        0xc STM32_F103C6_Drivers/LCD_Driver/LCD.o
 .group         0x0000000000000000        0xc STM32_F103C6_Drivers/LCD_Driver/LCD.o
 .group         0x0000000000000000        0xc STM32_F103C6_Drivers/LCD_Driver/LCD.o
 .group         0x0000000000000000        0xc STM32_F103C6_Drivers/LCD_Driver/LCD.o
 .group         0x0000000000000000        0xc STM32_F103C6_Drivers/LCD_Driver/LCD.o
 .group         0x0000000000000000        0xc STM32_F103C6_Drivers/LCD_Driver/LCD.o
 .group         0x0000000000000000        0xc STM32_F103C6_Drivers/LCD_Driver/LCD.o
 .group         0x0000000000000000        0xc STM32_F103C6_Drivers/LCD_Driver/LCD.o
 .text          0x0000000000000000        0x0 STM32_F103C6_Drivers/LCD_Driver/LCD.o
 .data          0x0000000000000000        0x0 STM32_F103C6_Drivers/LCD_Driver/LCD.o
 .bss           0x0000000000000000        0x0 STM32_F103C6_Drivers/LCD_Driver/LCD.o
 .text.LCD_check_lcd_isbusy
                0x0000000000000000       0xd8 STM32_F103C6_Drivers/LCD_Driver/LCD.o
 .text.LCD_CUSTOM_CHAR
                0x0000000000000000       0x50 STM32_F103C6_Drivers/LCD_Driver/LCD.o
 .debug_macro   0x0000000000000000      0xa60 STM32_F103C6_Drivers/LCD_Driver/LCD.o
 .debug_macro   0x0000000000000000       0x22 STM32_F103C6_Drivers/LCD_Driver/LCD.o
 .debug_macro   0x0000000000000000       0x22 STM32_F103C6_Drivers/LCD_Driver/LCD.o
 .debug_macro   0x0000000000000000       0xef STM32_F103C6_Drivers/LCD_Driver/LCD.o
 .debug_macro   0x0000000000000000       0x6a STM32_F103C6_Drivers/LCD_Driver/LCD.o
 .debug_macro   0x0000000000000000      0x1df STM32_F103C6_Drivers/LCD_Driver/LCD.o
 .debug_macro   0x0000000000000000       0x22 STM32_F103C6_Drivers/LCD_Driver/LCD.o
 .debug_macro   0x0000000000000000       0x22 STM32_F103C6_Drivers/LCD_Driver/LCD.o
 .debug_macro   0x0000000000000000       0x18 STM32_F103C6_Drivers/LCD_Driver/LCD.o
 .debug_macro   0x0000000000000000       0x3c STM32_F103C6_Drivers/LCD_Driver/LCD.o
 .debug_macro   0x0000000000000000       0x34 STM32_F103C6_Drivers/LCD_Driver/LCD.o
 .debug_macro   0x0000000000000000       0x16 STM32_F103C6_Drivers/LCD_Driver/LCD.o
 .debug_macro   0x0000000000000000      0x10e STM32_F103C6_Drivers/LCD_Driver/LCD.o
 .debug_macro   0x0000000000000000       0x8d STM32_F103C6_Drivers/LCD_Driver/LCD.o
 .debug_macro   0x0000000000000000       0x52 STM32_F103C6_Drivers/LCD_Driver/LCD.o
 .debug_macro   0x0000000000000000       0x1f STM32_F103C6_Drivers/LCD_Driver/LCD.o
 .debug_macro   0x0000000000000000       0x43 STM32_F103C6_Drivers/LCD_Driver/LCD.o
 .debug_macro   0x0000000000000000       0x20 STM32_F103C6_Drivers/LCD_Driver/LCD.o
 .debug_macro   0x0000000000000000      0x1a3 STM32_F103C6_Drivers/LCD_Driver/LCD.o
 .debug_macro   0x0000000000000000      0x330 STM32_F103C6_Drivers/LCD_Driver/LCD.o
 .debug_macro   0x0000000000000000       0x16 STM32_F103C6_Drivers/LCD_Driver/LCD.o
 .debug_macro   0x0000000000000000       0x29 STM32_F103C6_Drivers/LCD_Driver/LCD.o
 .debug_macro   0x0000000000000000      0x1b0 STM32_F103C6_Drivers/LCD_Driver/LCD.o
 .debug_macro   0x0000000000000000       0xca STM32_F103C6_Drivers/LCD_Driver/LCD.o
 .group         0x0000000000000000        0xc STM32_F103C6_Drivers/STM32_F103C6_EXTI_drivers.o
 .group         0x0000000000000000        0xc STM32_F103C6_Drivers/STM32_F103C6_EXTI_drivers.o
 .group         0x0000000000000000        0xc STM32_F103C6_Drivers/STM32_F103C6_EXTI_drivers.o
 .group         0x0000000000000000        0xc STM32_F103C6_Drivers/STM32_F103C6_EXTI_drivers.o
 .group         0x0000000000000000        0xc STM32_F103C6_Drivers/STM32_F103C6_EXTI_drivers.o
 .group         0x0000000000000000        0xc STM32_F103C6_Drivers/STM32_F103C6_EXTI_drivers.o
 .group         0x0000000000000000        0xc STM32_F103C6_Drivers/STM32_F103C6_EXTI_drivers.o
 .group         0x0000000000000000        0xc STM32_F103C6_Drivers/STM32_F103C6_EXTI_drivers.o
 .group         0x0000000000000000        0xc STM32_F103C6_Drivers/STM32_F103C6_EXTI_drivers.o
 .group         0x0000000000000000        0xc STM32_F103C6_Drivers/STM32_F103C6_EXTI_drivers.o
 .group         0x0000000000000000        0xc STM32_F103C6_Drivers/STM32_F103C6_EXTI_drivers.o
 .group         0x0000000000000000        0xc STM32_F103C6_Drivers/STM32_F103C6_EXTI_drivers.o
 .group         0x0000000000000000        0xc STM32_F103C6_Drivers/STM32_F103C6_EXTI_drivers.o
 .group         0x0000000000000000        0xc STM32_F103C6_Drivers/STM32_F103C6_EXTI_drivers.o
 .group         0x0000000000000000        0xc STM32_F103C6_Drivers/STM32_F103C6_EXTI_drivers.o
 .group         0x0000000000000000        0xc STM32_F103C6_Drivers/STM32_F103C6_EXTI_drivers.o
 .group         0x0000000000000000        0xc STM32_F103C6_Drivers/STM32_F103C6_EXTI_drivers.o
 .group         0x0000000000000000        0xc STM32_F103C6_Drivers/STM32_F103C6_EXTI_drivers.o
 .group         0x0000000000000000        0xc STM32_F103C6_Drivers/STM32_F103C6_EXTI_drivers.o
 .group         0x0000000000000000        0xc STM32_F103C6_Drivers/STM32_F103C6_EXTI_drivers.o
 .group         0x0000000000000000        0xc STM32_F103C6_Drivers/STM32_F103C6_EXTI_drivers.o
 .group         0x0000000000000000        0xc STM32_F103C6_Drivers/STM32_F103C6_EXTI_drivers.o
 .group         0x0000000000000000        0xc STM32_F103C6_Drivers/STM32_F103C6_EXTI_drivers.o
 .group         0x0000000000000000        0xc STM32_F103C6_Drivers/STM32_F103C6_EXTI_drivers.o
 .group         0x0000000000000000        0xc STM32_F103C6_Drivers/STM32_F103C6_EXTI_drivers.o
 .group         0x0000000000000000        0xc STM32_F103C6_Drivers/STM32_F103C6_EXTI_drivers.o
 .group         0x0000000000000000        0xc STM32_F103C6_Drivers/STM32_F103C6_EXTI_drivers.o
 .group         0x0000000000000000        0xc STM32_F103C6_Drivers/STM32_F103C6_EXTI_drivers.o
 .text          0x0000000000000000        0x0 STM32_F103C6_Drivers/STM32_F103C6_EXTI_drivers.o
 .data          0x0000000000000000        0x0 STM32_F103C6_Drivers/STM32_F103C6_EXTI_drivers.o
 .bss           0x0000000000000000        0x0 STM32_F103C6_Drivers/STM32_F103C6_EXTI_drivers.o
 .text.MCAL_EXTI_GPIO_DeInit
                0x0000000000000000       0x94 STM32_F103C6_Drivers/STM32_F103C6_EXTI_drivers.o
 .debug_macro   0x0000000000000000      0xa60 STM32_F103C6_Drivers/STM32_F103C6_EXTI_drivers.o
 .debug_macro   0x0000000000000000       0x18 STM32_F103C6_Drivers/STM32_F103C6_EXTI_drivers.o
 .debug_macro   0x0000000000000000       0x22 STM32_F103C6_Drivers/STM32_F103C6_EXTI_drivers.o
 .debug_macro   0x0000000000000000       0x40 STM32_F103C6_Drivers/STM32_F103C6_EXTI_drivers.o
 .debug_macro   0x0000000000000000       0x94 STM32_F103C6_Drivers/STM32_F103C6_EXTI_drivers.o
 .debug_macro   0x0000000000000000       0x3c STM32_F103C6_Drivers/STM32_F103C6_EXTI_drivers.o
 .debug_macro   0x0000000000000000       0x34 STM32_F103C6_Drivers/STM32_F103C6_EXTI_drivers.o
 .debug_macro   0x0000000000000000       0x16 STM32_F103C6_Drivers/STM32_F103C6_EXTI_drivers.o
 .debug_macro   0x0000000000000000      0x10e STM32_F103C6_Drivers/STM32_F103C6_EXTI_drivers.o
 .debug_macro   0x0000000000000000       0x8d STM32_F103C6_Drivers/STM32_F103C6_EXTI_drivers.o
 .debug_macro   0x0000000000000000       0x57 STM32_F103C6_Drivers/STM32_F103C6_EXTI_drivers.o
 .debug_macro   0x0000000000000000       0x52 STM32_F103C6_Drivers/STM32_F103C6_EXTI_drivers.o
 .debug_macro   0x0000000000000000       0x1f STM32_F103C6_Drivers/STM32_F103C6_EXTI_drivers.o
 .debug_macro   0x0000000000000000       0x43 STM32_F103C6_Drivers/STM32_F103C6_EXTI_drivers.o
 .debug_macro   0x0000000000000000       0x20 STM32_F103C6_Drivers/STM32_F103C6_EXTI_drivers.o
 .debug_macro   0x0000000000000000      0x1a3 STM32_F103C6_Drivers/STM32_F103C6_EXTI_drivers.o
 .debug_macro   0x0000000000000000      0x330 STM32_F103C6_Drivers/STM32_F103C6_EXTI_drivers.o
 .debug_macro   0x0000000000000000       0x16 STM32_F103C6_Drivers/STM32_F103C6_EXTI_drivers.o
 .debug_macro   0x0000000000000000       0x29 STM32_F103C6_Drivers/STM32_F103C6_EXTI_drivers.o
 .debug_macro   0x0000000000000000       0x22 STM32_F103C6_Drivers/STM32_F103C6_EXTI_drivers.o
 .debug_macro   0x0000000000000000       0xef STM32_F103C6_Drivers/STM32_F103C6_EXTI_drivers.o
 .debug_macro   0x0000000000000000       0x6a STM32_F103C6_Drivers/STM32_F103C6_EXTI_drivers.o
 .debug_macro   0x0000000000000000      0x1df STM32_F103C6_Drivers/STM32_F103C6_EXTI_drivers.o
 .debug_macro   0x0000000000000000       0x22 STM32_F103C6_Drivers/STM32_F103C6_EXTI_drivers.o
 .debug_macro   0x0000000000000000       0x22 STM32_F103C6_Drivers/STM32_F103C6_EXTI_drivers.o
 .debug_macro   0x0000000000000000      0x1b0 STM32_F103C6_Drivers/STM32_F103C6_EXTI_drivers.o
 .group         0x0000000000000000        0xc STM32_F103C6_Drivers/STM32_F103C6_GPIO_drivers.o
 .group         0x0000000000000000        0xc STM32_F103C6_Drivers/STM32_F103C6_GPIO_drivers.o
 .group         0x0000000000000000        0xc STM32_F103C6_Drivers/STM32_F103C6_GPIO_drivers.o
 .group         0x0000000000000000        0xc STM32_F103C6_Drivers/STM32_F103C6_GPIO_drivers.o
 .group         0x0000000000000000        0xc STM32_F103C6_Drivers/STM32_F103C6_GPIO_drivers.o
 .group         0x0000000000000000        0xc STM32_F103C6_Drivers/STM32_F103C6_GPIO_drivers.o
 .group         0x0000000000000000        0xc STM32_F103C6_Drivers/STM32_F103C6_GPIO_drivers.o
 .group         0x0000000000000000        0xc STM32_F103C6_Drivers/STM32_F103C6_GPIO_drivers.o
 .group         0x0000000000000000        0xc STM32_F103C6_Drivers/STM32_F103C6_GPIO_drivers.o
 .group         0x0000000000000000        0xc STM32_F103C6_Drivers/STM32_F103C6_GPIO_drivers.o
 .group         0x0000000000000000        0xc STM32_F103C6_Drivers/STM32_F103C6_GPIO_drivers.o
 .group         0x0000000000000000        0xc STM32_F103C6_Drivers/STM32_F103C6_GPIO_drivers.o
 .group         0x0000000000000000        0xc STM32_F103C6_Drivers/STM32_F103C6_GPIO_drivers.o
 .group         0x0000000000000000        0xc STM32_F103C6_Drivers/STM32_F103C6_GPIO_drivers.o
 .group         0x0000000000000000        0xc STM32_F103C6_Drivers/STM32_F103C6_GPIO_drivers.o
 .group         0x0000000000000000        0xc STM32_F103C6_Drivers/STM32_F103C6_GPIO_drivers.o
 .group         0x0000000000000000        0xc STM32_F103C6_Drivers/STM32_F103C6_GPIO_drivers.o
 .group         0x0000000000000000        0xc STM32_F103C6_Drivers/STM32_F103C6_GPIO_drivers.o
 .group         0x0000000000000000        0xc STM32_F103C6_Drivers/STM32_F103C6_GPIO_drivers.o
 .group         0x0000000000000000        0xc STM32_F103C6_Drivers/STM32_F103C6_GPIO_drivers.o
 .group         0x0000000000000000        0xc STM32_F103C6_Drivers/STM32_F103C6_GPIO_drivers.o
 .group         0x0000000000000000        0xc STM32_F103C6_Drivers/STM32_F103C6_GPIO_drivers.o
 .group         0x0000000000000000        0xc STM32_F103C6_Drivers/STM32_F103C6_GPIO_drivers.o
 .group         0x0000000000000000        0xc STM32_F103C6_Drivers/STM32_F103C6_GPIO_drivers.o
 .group         0x0000000000000000        0xc STM32_F103C6_Drivers/STM32_F103C6_GPIO_drivers.o
 .group         0x0000000000000000        0xc STM32_F103C6_Drivers/STM32_F103C6_GPIO_drivers.o
 .group         0x0000000000000000        0xc STM32_F103C6_Drivers/STM32_F103C6_GPIO_drivers.o
 .text          0x0000000000000000        0x0 STM32_F103C6_Drivers/STM32_F103C6_GPIO_drivers.o
 .data          0x0000000000000000        0x0 STM32_F103C6_Drivers/STM32_F103C6_GPIO_drivers.o
 .bss           0x0000000000000000        0x0 STM32_F103C6_Drivers/STM32_F103C6_GPIO_drivers.o
 .text.MCAL_GPIO_DeInit
                0x0000000000000000       0xd4 STM32_F103C6_Drivers/STM32_F103C6_GPIO_drivers.o
 .text.MCAL_GPIO_ReadPin
                0x0000000000000000       0x2e STM32_F103C6_Drivers/STM32_F103C6_GPIO_drivers.o
 .text.MCAL_GPIO_ReadPort
                0x0000000000000000       0x1a STM32_F103C6_Drivers/STM32_F103C6_GPIO_drivers.o
 .text.MCAL_GPIO_TogglePin
                0x0000000000000000       0x22 STM32_F103C6_Drivers/STM32_F103C6_GPIO_drivers.o
 .text.MCAL_GPIO_LockPin
                0x0000000000000000       0x4e STM32_F103C6_Drivers/STM32_F103C6_GPIO_drivers.o
 .debug_macro   0x0000000000000000      0xa60 STM32_F103C6_Drivers/STM32_F103C6_GPIO_drivers.o
 .debug_macro   0x0000000000000000       0x18 STM32_F103C6_Drivers/STM32_F103C6_GPIO_drivers.o
 .debug_macro   0x0000000000000000       0x22 STM32_F103C6_Drivers/STM32_F103C6_GPIO_drivers.o
 .debug_macro   0x0000000000000000       0x40 STM32_F103C6_Drivers/STM32_F103C6_GPIO_drivers.o
 .debug_macro   0x0000000000000000       0x94 STM32_F103C6_Drivers/STM32_F103C6_GPIO_drivers.o
 .debug_macro   0x0000000000000000       0x3c STM32_F103C6_Drivers/STM32_F103C6_GPIO_drivers.o
 .debug_macro   0x0000000000000000       0x34 STM32_F103C6_Drivers/STM32_F103C6_GPIO_drivers.o
 .debug_macro   0x0000000000000000       0x16 STM32_F103C6_Drivers/STM32_F103C6_GPIO_drivers.o
 .debug_macro   0x0000000000000000      0x10e STM32_F103C6_Drivers/STM32_F103C6_GPIO_drivers.o
 .debug_macro   0x0000000000000000       0x8d STM32_F103C6_Drivers/STM32_F103C6_GPIO_drivers.o
 .debug_macro   0x0000000000000000       0x57 STM32_F103C6_Drivers/STM32_F103C6_GPIO_drivers.o
 .debug_macro   0x0000000000000000       0x52 STM32_F103C6_Drivers/STM32_F103C6_GPIO_drivers.o
 .debug_macro   0x0000000000000000       0x1f STM32_F103C6_Drivers/STM32_F103C6_GPIO_drivers.o
 .debug_macro   0x0000000000000000       0x43 STM32_F103C6_Drivers/STM32_F103C6_GPIO_drivers.o
 .debug_macro   0x0000000000000000       0x20 STM32_F103C6_Drivers/STM32_F103C6_GPIO_drivers.o
 .debug_macro   0x0000000000000000      0x1a3 STM32_F103C6_Drivers/STM32_F103C6_GPIO_drivers.o
 .debug_macro   0x0000000000000000      0x330 STM32_F103C6_Drivers/STM32_F103C6_GPIO_drivers.o
 .debug_macro   0x0000000000000000       0x16 STM32_F103C6_Drivers/STM32_F103C6_GPIO_drivers.o
 .debug_macro   0x0000000000000000       0x29 STM32_F103C6_Drivers/STM32_F103C6_GPIO_drivers.o
 .debug_macro   0x0000000000000000       0x22 STM32_F103C6_Drivers/STM32_F103C6_GPIO_drivers.o
 .debug_macro   0x0000000000000000       0xef STM32_F103C6_Drivers/STM32_F103C6_GPIO_drivers.o
 .debug_macro   0x0000000000000000       0x6a STM32_F103C6_Drivers/STM32_F103C6_GPIO_drivers.o
 .debug_macro   0x0000000000000000      0x1df STM32_F103C6_Drivers/STM32_F103C6_GPIO_drivers.o
 .debug_macro   0x0000000000000000       0x22 STM32_F103C6_Drivers/STM32_F103C6_GPIO_drivers.o
 .debug_macro   0x0000000000000000       0x22 STM32_F103C6_Drivers/STM32_F103C6_GPIO_drivers.o
 .debug_macro   0x0000000000000000      0x1b0 STM32_F103C6_Drivers/STM32_F103C6_GPIO_drivers.o
 .debug_macro   0x0000000000000000       0xca STM32_F103C6_Drivers/STM32_F103C6_GPIO_drivers.o
 .group         0x0000000000000000        0xc STM32_F103C6_Drivers/Seven_Segmant_Driver/Seven_Segmant.o
 .group         0x0000000000000000        0xc STM32_F103C6_Drivers/Seven_Segmant_Driver/Seven_Segmant.o
 .group         0x0000000000000000        0xc STM32_F103C6_Drivers/Seven_Segmant_Driver/Seven_Segmant.o
 .group         0x0000000000000000        0xc STM32_F103C6_Drivers/Seven_Segmant_Driver/Seven_Segmant.o
 .group         0x0000000000000000        0xc STM32_F103C6_Drivers/Seven_Segmant_Driver/Seven_Segmant.o
 .group         0x0000000000000000        0xc STM32_F103C6_Drivers/Seven_Segmant_Driver/Seven_Segmant.o
 .group         0x0000000000000000        0xc STM32_F103C6_Drivers/Seven_Segmant_Driver/Seven_Segmant.o
 .group         0x0000000000000000        0xc STM32_F103C6_Drivers/Seven_Segmant_Driver/Seven_Segmant.o
 .group         0x0000000000000000        0xc STM32_F103C6_Drivers/Seven_Segmant_Driver/Seven_Segmant.o
 .group         0x0000000000000000        0xc STM32_F103C6_Drivers/Seven_Segmant_Driver/Seven_Segmant.o
 .group         0x0000000000000000        0xc STM32_F103C6_Drivers/Seven_Segmant_Driver/Seven_Segmant.o
 .group         0x0000000000000000        0xc STM32_F103C6_Drivers/Seven_Segmant_Driver/Seven_Segmant.o
 .group         0x0000000000000000        0xc STM32_F103C6_Drivers/Seven_Segmant_Driver/Seven_Segmant.o
 .group         0x0000000000000000        0xc STM32_F103C6_Drivers/Seven_Segmant_Driver/Seven_Segmant.o
 .group         0x0000000000000000        0xc STM32_F103C6_Drivers/Seven_Segmant_Driver/Seven_Segmant.o
 .group         0x0000000000000000        0xc STM32_F103C6_Drivers/Seven_Segmant_Driver/Seven_Segmant.o
 .group         0x0000000000000000        0xc STM32_F103C6_Drivers/Seven_Segmant_Driver/Seven_Segmant.o
 .group         0x0000000000000000        0xc STM32_F103C6_Drivers/Seven_Segmant_Driver/Seven_Segmant.o
 .group         0x0000000000000000        0xc STM32_F103C6_Drivers/Seven_Segmant_Driver/Seven_Segmant.o
 .group         0x0000000000000000        0xc STM32_F103C6_Drivers/Seven_Segmant_Driver/Seven_Segmant.o
 .group         0x0000000000000000        0xc STM32_F103C6_Drivers/Seven_Segmant_Driver/Seven_Segmant.o
 .group         0x0000000000000000        0xc STM32_F103C6_Drivers/Seven_Segmant_Driver/Seven_Segmant.o
 .group         0x0000000000000000        0xc STM32_F103C6_Drivers/Seven_Segmant_Driver/Seven_Segmant.o
 .group         0x0000000000000000        0xc STM32_F103C6_Drivers/Seven_Segmant_Driver/Seven_Segmant.o
 .group         0x0000000000000000        0xc STM32_F103C6_Drivers/Seven_Segmant_Driver/Seven_Segmant.o
 .group         0x0000000000000000        0xc STM32_F103C6_Drivers/Seven_Segmant_Driver/Seven_Segmant.o
 .group         0x0000000000000000        0xc STM32_F103C6_Drivers/Seven_Segmant_Driver/Seven_Segmant.o
 .group         0x0000000000000000        0xc STM32_F103C6_Drivers/Seven_Segmant_Driver/Seven_Segmant.o
 .text          0x0000000000000000        0x0 STM32_F103C6_Drivers/Seven_Segmant_Driver/Seven_Segmant.o
 .data          0x0000000000000000        0x0 STM32_F103C6_Drivers/Seven_Segmant_Driver/Seven_Segmant.o
 .bss           0x0000000000000000        0x0 STM32_F103C6_Drivers/Seven_Segmant_Driver/Seven_Segmant.o
 .data.Seven_Seg_DISPLAY
                0x0000000000000000        0xa STM32_F103C6_Drivers/Seven_Segmant_Driver/Seven_Segmant.o
 .text.Seven_Seg_Init
                0x0000000000000000       0xbc STM32_F103C6_Drivers/Seven_Segmant_Driver/Seven_Segmant.o
 .text.Seven_Seg_Write_Num
                0x0000000000000000       0x24 STM32_F103C6_Drivers/Seven_Segmant_Driver/Seven_Segmant.o
 .debug_info    0x0000000000000000      0xb0f STM32_F103C6_Drivers/Seven_Segmant_Driver/Seven_Segmant.o
 .debug_abbrev  0x0000000000000000      0x1b5 STM32_F103C6_Drivers/Seven_Segmant_Driver/Seven_Segmant.o
 .debug_loc     0x0000000000000000       0xa0 STM32_F103C6_Drivers/Seven_Segmant_Driver/Seven_Segmant.o
 .debug_aranges
                0x0000000000000000       0x28 STM32_F103C6_Drivers/Seven_Segmant_Driver/Seven_Segmant.o
 .debug_ranges  0x0000000000000000       0x18 STM32_F103C6_Drivers/Seven_Segmant_Driver/Seven_Segmant.o
 .debug_macro   0x0000000000000000      0x181 STM32_F103C6_Drivers/Seven_Segmant_Driver/Seven_Segmant.o
 .debug_macro   0x0000000000000000      0xa60 STM32_F103C6_Drivers/Seven_Segmant_Driver/Seven_Segmant.o
 .debug_macro   0x0000000000000000       0x22 STM32_F103C6_Drivers/Seven_Segmant_Driver/Seven_Segmant.o
 .debug_macro   0x0000000000000000       0x22 STM32_F103C6_Drivers/Seven_Segmant_Driver/Seven_Segmant.o
 .debug_macro   0x0000000000000000       0x8e STM32_F103C6_Drivers/Seven_Segmant_Driver/Seven_Segmant.o
 .debug_macro   0x0000000000000000       0x51 STM32_F103C6_Drivers/Seven_Segmant_Driver/Seven_Segmant.o
 .debug_macro   0x0000000000000000       0xef STM32_F103C6_Drivers/Seven_Segmant_Driver/Seven_Segmant.o
 .debug_macro   0x0000000000000000       0x6a STM32_F103C6_Drivers/Seven_Segmant_Driver/Seven_Segmant.o
 .debug_macro   0x0000000000000000      0x1df STM32_F103C6_Drivers/Seven_Segmant_Driver/Seven_Segmant.o
 .debug_macro   0x0000000000000000       0x22 STM32_F103C6_Drivers/Seven_Segmant_Driver/Seven_Segmant.o
 .debug_macro   0x0000000000000000       0x22 STM32_F103C6_Drivers/Seven_Segmant_Driver/Seven_Segmant.o
 .debug_macro   0x0000000000000000       0x18 STM32_F103C6_Drivers/Seven_Segmant_Driver/Seven_Segmant.o
 .debug_macro   0x0000000000000000       0x46 STM32_F103C6_Drivers/Seven_Segmant_Driver/Seven_Segmant.o
 .debug_macro   0x0000000000000000       0x3c STM32_F103C6_Drivers/Seven_Segmant_Driver/Seven_Segmant.o
 .debug_macro   0x0000000000000000       0x34 STM32_F103C6_Drivers/Seven_Segmant_Driver/Seven_Segmant.o
 .debug_macro   0x0000000000000000       0x16 STM32_F103C6_Drivers/Seven_Segmant_Driver/Seven_Segmant.o
 .debug_macro   0x0000000000000000      0x10e STM32_F103C6_Drivers/Seven_Segmant_Driver/Seven_Segmant.o
 .debug_macro   0x0000000000000000       0x8d STM32_F103C6_Drivers/Seven_Segmant_Driver/Seven_Segmant.o
 .debug_macro   0x0000000000000000       0x52 STM32_F103C6_Drivers/Seven_Segmant_Driver/Seven_Segmant.o
 .debug_macro   0x0000000000000000       0x1f STM32_F103C6_Drivers/Seven_Segmant_Driver/Seven_Segmant.o
 .debug_macro   0x0000000000000000       0x43 STM32_F103C6_Drivers/Seven_Segmant_Driver/Seven_Segmant.o
 .debug_macro   0x0000000000000000       0x20 STM32_F103C6_Drivers/Seven_Segmant_Driver/Seven_Segmant.o
 .debug_macro   0x0000000000000000      0x1a3 STM32_F103C6_Drivers/Seven_Segmant_Driver/Seven_Segmant.o
 .debug_macro   0x0000000000000000      0x330 STM32_F103C6_Drivers/Seven_Segmant_Driver/Seven_Segmant.o
 .debug_macro   0x0000000000000000       0x16 STM32_F103C6_Drivers/Seven_Segmant_Driver/Seven_Segmant.o
 .debug_macro   0x0000000000000000       0x29 STM32_F103C6_Drivers/Seven_Segmant_Driver/Seven_Segmant.o
 .debug_macro   0x0000000000000000      0x1b0 STM32_F103C6_Drivers/Seven_Segmant_Driver/Seven_Segmant.o
 .debug_macro   0x0000000000000000       0xca STM32_F103C6_Drivers/Seven_Segmant_Driver/Seven_Segmant.o
 .debug_macro   0x0000000000000000       0x76 STM32_F103C6_Drivers/Seven_Segmant_Driver/Seven_Segmant.o
 .debug_line    0x0000000000000000      0x5fa STM32_F103C6_Drivers/Seven_Segmant_Driver/Seven_Segmant.o
 .debug_str     0x0000000000000000     0x7f48 STM32_F103C6_Drivers/Seven_Segmant_Driver/Seven_Segmant.o
 .comment       0x0000000000000000       0x7c STM32_F103C6_Drivers/Seven_Segmant_Driver/Seven_Segmant.o
 .debug_frame   0x0000000000000000       0x58 STM32_F103C6_Drivers/Seven_Segmant_Driver/Seven_Segmant.o
 .ARM.attributes
                0x0000000000000000       0x33 STM32_F103C6_Drivers/Seven_Segmant_Driver/Seven_Segmant.o
 .group         0x0000000000000000        0xc Src/main.o
 .group         0x0000000000000000        0xc Src/main.o
 .group         0x0000000000000000        0xc Src/main.o
 .group         0x0000000000000000        0xc Src/main.o
 .group         0x0000000000000000        0xc Src/main.o
 .group         0x0000000000000000        0xc Src/main.o
 .group         0x0000000000000000        0xc Src/main.o
 .group         0x0000000000000000        0xc Src/main.o
 .group         0x0000000000000000        0xc Src/main.o
 .group         0x0000000000000000        0xc Src/main.o
 .group         0x0000000000000000        0xc Src/main.o
 .group         0x0000000000000000        0xc Src/main.o
 .group         0x0000000000000000        0xc Src/main.o
 .group         0x0000000000000000        0xc Src/main.o
 .group         0x0000000000000000        0xc Src/main.o
 .group         0x0000000000000000        0xc Src/main.o
 .group         0x0000000000000000        0xc Src/main.o
 .group         0x0000000000000000        0xc Src/main.o
 .group         0x0000000000000000        0xc Src/main.o
 .group         0x0000000000000000        0xc Src/main.o
 .group         0x0000000000000000        0xc Src/main.o
 .group         0x0000000000000000        0xc Src/main.o
 .group         0x0000000000000000        0xc Src/main.o
 .group         0x0000000000000000        0xc Src/main.o
 .group         0x0000000000000000        0xc Src/main.o
 .group         0x0000000000000000        0xc Src/main.o
 .group         0x0000000000000000        0xc Src/main.o
 .group         0x0000000000000000        0xc Src/main.o
 .group         0x0000000000000000        0xc Src/main.o
 .group         0x0000000000000000        0xc Src/main.o
 .group         0x0000000000000000        0xc Src/main.o
 .text          0x0000000000000000        0x0 Src/main.o
 .data          0x0000000000000000        0x0 Src/main.o
 .bss           0x0000000000000000        0x0 Src/main.o
 .debug_macro   0x0000000000000000      0xa60 Src/main.o
 .debug_macro   0x0000000000000000       0x18 Src/main.o
 .debug_macro   0x0000000000000000       0x22 Src/main.o
 .debug_macro   0x0000000000000000       0x40 Src/main.o
 .debug_macro   0x0000000000000000       0x94 Src/main.o
 .debug_macro   0x0000000000000000       0x3c Src/main.o
 .debug_macro   0x0000000000000000       0x34 Src/main.o
 .debug_macro   0x0000000000000000       0x16 Src/main.o
 .debug_macro   0x0000000000000000      0x10e Src/main.o
 .debug_macro   0x0000000000000000       0x8d Src/main.o
 .debug_macro   0x0000000000000000       0x57 Src/main.o
 .debug_macro   0x0000000000000000       0x52 Src/main.o
 .debug_macro   0x0000000000000000       0x1f Src/main.o
 .debug_macro   0x0000000000000000       0x43 Src/main.o
 .debug_macro   0x0000000000000000       0x20 Src/main.o
 .debug_macro   0x0000000000000000      0x1a3 Src/main.o
 .debug_macro   0x0000000000000000      0x330 Src/main.o
 .debug_macro   0x0000000000000000       0x16 Src/main.o
 .debug_macro   0x0000000000000000       0x29 Src/main.o
 .debug_macro   0x0000000000000000       0x22 Src/main.o
 .debug_macro   0x0000000000000000       0xef Src/main.o
 .debug_macro   0x0000000000000000       0x6a Src/main.o
 .debug_macro   0x0000000000000000      0x1df Src/main.o
 .debug_macro   0x0000000000000000       0x22 Src/main.o
 .debug_macro   0x0000000000000000       0x22 Src/main.o
 .debug_macro   0x0000000000000000      0x1b0 Src/main.o
 .debug_macro   0x0000000000000000       0xca Src/main.o
 .debug_macro   0x0000000000000000      0x223 Src/main.o
 .debug_macro   0x0000000000000000       0x9a Src/main.o
 .group         0x0000000000000000        0xc Src/syscalls.o
 .group         0x0000000000000000        0xc Src/syscalls.o
 .group         0x0000000000000000        0xc Src/syscalls.o
 .group         0x0000000000000000        0xc Src/syscalls.o
 .group         0x0000000000000000        0xc Src/syscalls.o
 .group         0x0000000000000000        0xc Src/syscalls.o
 .group         0x0000000000000000        0xc Src/syscalls.o
 .group         0x0000000000000000        0xc Src/syscalls.o
 .group         0x0000000000000000        0xc Src/syscalls.o
 .group         0x0000000000000000        0xc Src/syscalls.o
 .group         0x0000000000000000        0xc Src/syscalls.o
 .group         0x0000000000000000        0xc Src/syscalls.o
 .group         0x0000000000000000        0xc Src/syscalls.o
 .group         0x0000000000000000        0xc Src/syscalls.o
 .group         0x0000000000000000        0xc Src/syscalls.o
 .group         0x0000000000000000        0xc Src/syscalls.o
 .group         0x0000000000000000        0xc Src/syscalls.o
 .group         0x0000000000000000        0xc Src/syscalls.o
 .group         0x0000000000000000        0xc Src/syscalls.o
 .group         0x0000000000000000        0xc Src/syscalls.o
 .group         0x0000000000000000        0xc Src/syscalls.o
 .group         0x0000000000000000        0xc Src/syscalls.o
 .group         0x0000000000000000        0xc Src/syscalls.o
 .group         0x0000000000000000        0xc Src/syscalls.o
 .group         0x0000000000000000        0xc Src/syscalls.o
 .group         0x0000000000000000        0xc Src/syscalls.o
 .group         0x0000000000000000        0xc Src/syscalls.o
 .group         0x0000000000000000        0xc Src/syscalls.o
 .group         0x0000000000000000        0xc Src/syscalls.o
 .group         0x0000000000000000        0xc Src/syscalls.o
 .group         0x0000000000000000        0xc Src/syscalls.o
 .group         0x0000000000000000        0xc Src/syscalls.o
 .group         0x0000000000000000        0xc Src/syscalls.o
 .group         0x0000000000000000        0xc Src/syscalls.o
 .group         0x0000000000000000        0xc Src/syscalls.o
 .group         0x0000000000000000        0xc Src/syscalls.o
 .group         0x0000000000000000        0xc Src/syscalls.o
 .group         0x0000000000000000        0xc Src/syscalls.o
 .group         0x0000000000000000        0xc Src/syscalls.o
 .group         0x0000000000000000        0xc Src/syscalls.o
 .group         0x0000000000000000        0xc Src/syscalls.o
 .group         0x0000000000000000        0xc Src/syscalls.o
 .group         0x0000000000000000        0xc Src/syscalls.o
 .group         0x0000000000000000        0xc Src/syscalls.o
 .text          0x0000000000000000        0x0 Src/syscalls.o
 .data          0x0000000000000000        0x0 Src/syscalls.o
 .bss           0x0000000000000000        0x0 Src/syscalls.o
 .bss.__env     0x0000000000000000        0x4 Src/syscalls.o
 .data.environ  0x0000000000000000        0x4 Src/syscalls.o
 .text.initialise_monitor_handles
                0x0000000000000000        0xc Src/syscalls.o
 .text._getpid  0x0000000000000000        0xe Src/syscalls.o
 .text._kill    0x0000000000000000       0x20 Src/syscalls.o
 .text._exit    0x0000000000000000       0x14 Src/syscalls.o
 .text._read    0x0000000000000000       0x3a Src/syscalls.o
 .text._write   0x0000000000000000       0x38 Src/syscalls.o
 .text._close   0x0000000000000000       0x16 Src/syscalls.o
 .text._fstat   0x0000000000000000       0x1e Src/syscalls.o
 .text._isatty  0x0000000000000000       0x14 Src/syscalls.o
 .text._lseek   0x0000000000000000       0x18 Src/syscalls.o
 .text._open    0x0000000000000000       0x1a Src/syscalls.o
 .text._wait    0x0000000000000000       0x1e Src/syscalls.o
 .text._unlink  0x0000000000000000       0x1e Src/syscalls.o
 .text._times   0x0000000000000000       0x16 Src/syscalls.o
 .text._stat    0x0000000000000000       0x1e Src/syscalls.o
 .text._link    0x0000000000000000       0x20 Src/syscalls.o
 .text._fork    0x0000000000000000       0x16 Src/syscalls.o
 .text._execve  0x0000000000000000       0x22 Src/syscalls.o
 .debug_info    0x0000000000000000     0x1038 Src/syscalls.o
 .debug_abbrev  0x0000000000000000      0x254 Src/syscalls.o
 .debug_loc     0x0000000000000000      0x5b8 Src/syscalls.o
 .debug_aranges
                0x0000000000000000       0xa8 Src/syscalls.o
 .debug_ranges  0x0000000000000000       0x98 Src/syscalls.o
 .debug_macro   0x0000000000000000      0x243 Src/syscalls.o
 .debug_macro   0x0000000000000000      0xa60 Src/syscalls.o
 .debug_macro   0x0000000000000000       0x22 Src/syscalls.o
 .debug_macro   0x0000000000000000       0x40 Src/syscalls.o
 .debug_macro   0x0000000000000000       0x18 Src/syscalls.o
 .debug_macro   0x0000000000000000       0x94 Src/syscalls.o
 .debug_macro   0x0000000000000000       0x3c Src/syscalls.o
 .debug_macro   0x0000000000000000       0x34 Src/syscalls.o
 .debug_macro   0x0000000000000000       0x57 Src/syscalls.o
 .debug_macro   0x0000000000000000      0x174 Src/syscalls.o
 .debug_macro   0x0000000000000000      0x330 Src/syscalls.o
 .debug_macro   0x0000000000000000       0x52 Src/syscalls.o
 .debug_macro   0x0000000000000000       0x1f Src/syscalls.o
 .debug_macro   0x0000000000000000       0x43 Src/syscalls.o
 .debug_macro   0x0000000000000000       0x20 Src/syscalls.o
 .debug_macro   0x0000000000000000      0x1a3 Src/syscalls.o
 .debug_macro   0x0000000000000000       0x10 Src/syscalls.o
 .debug_macro   0x0000000000000000       0x35 Src/syscalls.o
 .debug_macro   0x0000000000000000       0x10 Src/syscalls.o
 .debug_macro   0x0000000000000000       0x10 Src/syscalls.o
 .debug_macro   0x0000000000000000       0x10 Src/syscalls.o
 .debug_macro   0x0000000000000000       0x6a Src/syscalls.o
 .debug_macro   0x0000000000000000       0x1c Src/syscalls.o
 .debug_macro   0x0000000000000000       0x52 Src/syscalls.o
 .debug_macro   0x0000000000000000       0x40 Src/syscalls.o
 .debug_macro   0x0000000000000000       0x10 Src/syscalls.o
 .debug_macro   0x0000000000000000       0x40 Src/syscalls.o
 .debug_macro   0x0000000000000000       0xd7 Src/syscalls.o
 .debug_macro   0x0000000000000000       0x1c Src/syscalls.o
 .debug_macro   0x0000000000000000       0x3d Src/syscalls.o
 .debug_macro   0x0000000000000000       0x35 Src/syscalls.o
 .debug_macro   0x0000000000000000      0x122 Src/syscalls.o
 .debug_macro   0x0000000000000000       0x16 Src/syscalls.o
 .debug_macro   0x0000000000000000       0x16 Src/syscalls.o
 .debug_macro   0x0000000000000000       0x29 Src/syscalls.o
 .debug_macro   0x0000000000000000       0x10 Src/syscalls.o
 .debug_macro   0x0000000000000000      0x241 Src/syscalls.o
 .debug_macro   0x0000000000000000       0x1c Src/syscalls.o
 .debug_macro   0x0000000000000000       0x10 Src/syscalls.o
 .debug_macro   0x0000000000000000       0x10 Src/syscalls.o
 .debug_macro   0x0000000000000000       0x16 Src/syscalls.o
 .debug_macro   0x0000000000000000      0x145 Src/syscalls.o
 .debug_macro   0x0000000000000000      0x189 Src/syscalls.o
 .debug_macro   0x0000000000000000       0x16 Src/syscalls.o
 .debug_macro   0x0000000000000000       0x88 Src/syscalls.o
 .debug_line    0x0000000000000000      0x752 Src/syscalls.o
 .debug_str     0x0000000000000000     0x8873 Src/syscalls.o
 .comment       0x0000000000000000       0x7c Src/syscalls.o
 .debug_frame   0x0000000000000000      0x2ac Src/syscalls.o
 .ARM.attributes
                0x0000000000000000       0x33 Src/syscalls.o
 .group         0x0000000000000000        0xc Src/sysmem.o
 .group         0x0000000000000000        0xc Src/sysmem.o
 .group         0x0000000000000000        0xc Src/sysmem.o
 .group         0x0000000000000000        0xc Src/sysmem.o
 .group         0x0000000000000000        0xc Src/sysmem.o
 .group         0x0000000000000000        0xc Src/sysmem.o
 .group         0x0000000000000000        0xc Src/sysmem.o
 .group         0x0000000000000000        0xc Src/sysmem.o
 .group         0x0000000000000000        0xc Src/sysmem.o
 .group         0x0000000000000000        0xc Src/sysmem.o
 .group         0x0000000000000000        0xc Src/sysmem.o
 .group         0x0000000000000000        0xc Src/sysmem.o
 .group         0x0000000000000000        0xc Src/sysmem.o
 .group         0x0000000000000000        0xc Src/sysmem.o
 .group         0x0000000000000000        0xc Src/sysmem.o
 .group         0x0000000000000000        0xc Src/sysmem.o
 .group         0x0000000000000000        0xc Src/sysmem.o
 .group         0x0000000000000000        0xc Src/sysmem.o
 .group         0x0000000000000000        0xc Src/sysmem.o
 .text          0x0000000000000000        0x0 Src/sysmem.o
 .data          0x0000000000000000        0x0 Src/sysmem.o
 .bss           0x0000000000000000        0x0 Src/sysmem.o
 .bss.__sbrk_heap_end
                0x0000000000000000        0x4 Src/sysmem.o
 .text._sbrk    0x0000000000000000       0x6c Src/sysmem.o
 .debug_info    0x0000000000000000      0xa7c Src/sysmem.o
 .debug_abbrev  0x0000000000000000      0x18e Src/sysmem.o
 .debug_loc     0x0000000000000000       0x50 Src/sysmem.o
 .debug_aranges
                0x0000000000000000       0x20 Src/sysmem.o
 .debug_ranges  0x0000000000000000       0x10 Src/sysmem.o
 .debug_macro   0x0000000000000000       0xee Src/sysmem.o
 .debug_macro   0x0000000000000000      0xa60 Src/sysmem.o
 .debug_macro   0x0000000000000000       0x10 Src/sysmem.o
 .debug_macro   0x0000000000000000       0x22 Src/sysmem.o
 .debug_macro   0x0000000000000000       0x40 Src/sysmem.o
 .debug_macro   0x0000000000000000       0x18 Src/sysmem.o
 .debug_macro   0x0000000000000000       0x94 Src/sysmem.o
 .debug_macro   0x0000000000000000       0x3c Src/sysmem.o
 .debug_macro   0x0000000000000000       0x34 Src/sysmem.o
 .debug_macro   0x0000000000000000      0x174 Src/sysmem.o
 .debug_macro   0x0000000000000000       0x57 Src/sysmem.o
 .debug_macro   0x0000000000000000       0x52 Src/sysmem.o
 .debug_macro   0x0000000000000000       0x1f Src/sysmem.o
 .debug_macro   0x0000000000000000       0x43 Src/sysmem.o
 .debug_macro   0x0000000000000000       0x20 Src/sysmem.o
 .debug_macro   0x0000000000000000      0x1a3 Src/sysmem.o
 .debug_macro   0x0000000000000000      0x23b Src/sysmem.o
 .debug_macro   0x0000000000000000       0xef Src/sysmem.o
 .debug_macro   0x0000000000000000       0x6a Src/sysmem.o
 .debug_macro   0x0000000000000000      0x1df Src/sysmem.o
 .debug_line    0x0000000000000000      0x4db Src/sysmem.o
 .debug_str     0x0000000000000000     0x5f41 Src/sysmem.o
 .comment       0x0000000000000000       0x7c Src/sysmem.o
 .debug_frame   0x0000000000000000       0x34 Src/sysmem.o
 .ARM.attributes
                0x0000000000000000       0x33 Src/sysmem.o
 .text          0x0000000000000000       0x14 Startup/startup_stm32f103c6tx.o
 .data          0x0000000000000000        0x0 Startup/startup_stm32f103c6tx.o
 .bss           0x0000000000000000        0x0 Startup/startup_stm32f103c6tx.o
 .text          0x0000000000000000        0x0 d:/mina/st/stm32cubeide_1.4.0/stm32cubeide/plugins/com.st.stm32cube.ide.mcu.externaltools.gnu-tools-for-stm32.7-2018-q2-update.win32_1.4.0.202007081208/tools/bin/../lib/gcc/arm-none-eabi/7.3.1/../../../../arm-none-eabi/lib/thumb/v7-m\libc_nano.a(lib_a-errno.o)
 .data          0x0000000000000000        0x0 d:/mina/st/stm32cubeide_1.4.0/stm32cubeide/plugins/com.st.stm32cube.ide.mcu.externaltools.gnu-tools-for-stm32.7-2018-q2-update.win32_1.4.0.202007081208/tools/bin/../lib/gcc/arm-none-eabi/7.3.1/../../../../arm-none-eabi/lib/thumb/v7-m\libc_nano.a(lib_a-errno.o)
 .bss           0x0000000000000000        0x0 d:/mina/st/stm32cubeide_1.4.0/stm32cubeide/plugins/com.st.stm32cube.ide.mcu.externaltools.gnu-tools-for-stm32.7-2018-q2-update.win32_1.4.0.202007081208/tools/bin/../lib/gcc/arm-none-eabi/7.3.1/../../../../arm-none-eabi/lib/thumb/v7-m\libc_nano.a(lib_a-errno.o)
 .text.__errno  0x0000000000000000        0xc d:/mina/st/stm32cubeide_1.4.0/stm32cubeide/plugins/com.st.stm32cube.ide.mcu.externaltools.gnu-tools-for-stm32.7-2018-q2-update.win32_1.4.0.202007081208/tools/bin/../lib/gcc/arm-none-eabi/7.3.1/../../../../arm-none-eabi/lib/thumb/v7-m\libc_nano.a(lib_a-errno.o)
 .debug_frame   0x0000000000000000       0x20 d:/mina/st/stm32cubeide_1.4.0/stm32cubeide/plugins/com.st.stm32cube.ide.mcu.externaltools.gnu-tools-for-stm32.7-2018-q2-update.win32_1.4.0.202007081208/tools/bin/../lib/gcc/arm-none-eabi/7.3.1/../../../../arm-none-eabi/lib/thumb/v7-m\libc_nano.a(lib_a-errno.o)
 .ARM.attributes
                0x0000000000000000       0x2d d:/mina/st/stm32cubeide_1.4.0/stm32cubeide/plugins/com.st.stm32cube.ide.mcu.externaltools.gnu-tools-for-stm32.7-2018-q2-update.win32_1.4.0.202007081208/tools/bin/../lib/gcc/arm-none-eabi/7.3.1/../../../../arm-none-eabi/lib/thumb/v7-m\libc_nano.a(lib_a-errno.o)
 .text          0x0000000000000000        0x0 d:/mina/st/stm32cubeide_1.4.0/stm32cubeide/plugins/com.st.stm32cube.ide.mcu.externaltools.gnu-tools-for-stm32.7-2018-q2-update.win32_1.4.0.202007081208/tools/bin/../lib/gcc/arm-none-eabi/7.3.1/../../../../arm-none-eabi/lib/thumb/v7-m\libc_nano.a(lib_a-exit.o)
 .data          0x0000000000000000        0x0 d:/mina/st/stm32cubeide_1.4.0/stm32cubeide/plugins/com.st.stm32cube.ide.mcu.externaltools.gnu-tools-for-stm32.7-2018-q2-update.win32_1.4.0.202007081208/tools/bin/../lib/gcc/arm-none-eabi/7.3.1/../../../../arm-none-eabi/lib/thumb/v7-m\libc_nano.a(lib_a-exit.o)
 .bss           0x0000000000000000        0x0 d:/mina/st/stm32cubeide_1.4.0/stm32cubeide/plugins/com.st.stm32cube.ide.mcu.externaltools.gnu-tools-for-stm32.7-2018-q2-update.win32_1.4.0.202007081208/tools/bin/../lib/gcc/arm-none-eabi/7.3.1/../../../../arm-none-eabi/lib/thumb/v7-m\libc_nano.a(lib_a-exit.o)
 .text.exit     0x0000000000000000       0x28 d:/mina/st/stm32cubeide_1.4.0/stm32cubeide/plugins/com.st.stm32cube.ide.mcu.externaltools.gnu-tools-for-stm32.7-2018-q2-update.win32_1.4.0.202007081208/tools/bin/../lib/gcc/arm-none-eabi/7.3.1/../../../../arm-none-eabi/lib/thumb/v7-m\libc_nano.a(lib_a-exit.o)
 .debug_frame   0x0000000000000000       0x28 d:/mina/st/stm32cubeide_1.4.0/stm32cubeide/plugins/com.st.stm32cube.ide.mcu.externaltools.gnu-tools-for-stm32.7-2018-q2-update.win32_1.4.0.202007081208/tools/bin/../lib/gcc/arm-none-eabi/7.3.1/../../../../arm-none-eabi/lib/thumb/v7-m\libc_nano.a(lib_a-exit.o)
 .ARM.attributes
                0x0000000000000000       0x2d d:/mina/st/stm32cubeide_1.4.0/stm32cubeide/plugins/com.st.stm32cube.ide.mcu.externaltools.gnu-tools-for-stm32.7-2018-q2-update.win32_1.4.0.202007081208/tools/bin/../lib/gcc/arm-none-eabi/7.3.1/../../../../arm-none-eabi/lib/thumb/v7-m\libc_nano.a(lib_a-exit.o)
 .text          0x0000000000000000        0x0 d:/mina/st/stm32cubeide_1.4.0/stm32cubeide/plugins/com.st.stm32cube.ide.mcu.externaltools.gnu-tools-for-stm32.7-2018-q2-update.win32_1.4.0.202007081208/tools/bin/../lib/gcc/arm-none-eabi/7.3.1/../../../../arm-none-eabi/lib/thumb/v7-m\libc_nano.a(lib_a-impure.o)
 .data          0x0000000000000000        0x0 d:/mina/st/stm32cubeide_1.4.0/stm32cubeide/plugins/com.st.stm32cube.ide.mcu.externaltools.gnu-tools-for-stm32.7-2018-q2-update.win32_1.4.0.202007081208/tools/bin/../lib/gcc/arm-none-eabi/7.3.1/../../../../arm-none-eabi/lib/thumb/v7-m\libc_nano.a(lib_a-impure.o)
 .bss           0x0000000000000000        0x0 d:/mina/st/stm32cubeide_1.4.0/stm32cubeide/plugins/com.st.stm32cube.ide.mcu.externaltools.gnu-tools-for-stm32.7-2018-q2-update.win32_1.4.0.202007081208/tools/bin/../lib/gcc/arm-none-eabi/7.3.1/../../../../arm-none-eabi/lib/thumb/v7-m\libc_nano.a(lib_a-impure.o)
 .data._impure_ptr
                0x0000000000000000        0x4 d:/mina/st/stm32cubeide_1.4.0/stm32cubeide/plugins/com.st.stm32cube.ide.mcu.externaltools.gnu-tools-for-stm32.7-2018-q2-update.win32_1.4.0.202007081208/tools/bin/../lib/gcc/arm-none-eabi/7.3.1/../../../../arm-none-eabi/lib/thumb/v7-m\libc_nano.a(lib_a-impure.o)
 .data.impure_data
                0x0000000000000000       0x60 d:/mina/st/stm32cubeide_1.4.0/stm32cubeide/plugins/com.st.stm32cube.ide.mcu.externaltools.gnu-tools-for-stm32.7-2018-q2-update.win32_1.4.0.202007081208/tools/bin/../lib/gcc/arm-none-eabi/7.3.1/../../../../arm-none-eabi/lib/thumb/v7-m\libc_nano.a(lib_a-impure.o)
 .rodata._global_impure_ptr
                0x0000000000000000        0x4 d:/mina/st/stm32cubeide_1.4.0/stm32cubeide/plugins/com.st.stm32cube.ide.mcu.externaltools.gnu-tools-for-stm32.7-2018-q2-update.win32_1.4.0.202007081208/tools/bin/../lib/gcc/arm-none-eabi/7.3.1/../../../../arm-none-eabi/lib/thumb/v7-m\libc_nano.a(lib_a-impure.o)
 .ARM.attributes
                0x0000000000000000       0x2d d:/mina/st/stm32cubeide_1.4.0/stm32cubeide/plugins/com.st.stm32cube.ide.mcu.externaltools.gnu-tools-for-stm32.7-2018-q2-update.win32_1.4.0.202007081208/tools/bin/../lib/gcc/arm-none-eabi/7.3.1/../../../../arm-none-eabi/lib/thumb/v7-m\libc_nano.a(lib_a-impure.o)
 .text          0x0000000000000000        0x0 d:/mina/st/stm32cubeide_1.4.0/stm32cubeide/plugins/com.st.stm32cube.ide.mcu.externaltools.gnu-tools-for-stm32.7-2018-q2-update.win32_1.4.0.202007081208/tools/bin/../lib/gcc/arm-none-eabi/7.3.1/../../../../arm-none-eabi/lib/thumb/v7-m\libc_nano.a(lib_a-init.o)
 .data          0x0000000000000000        0x0 d:/mina/st/stm32cubeide_1.4.0/stm32cubeide/plugins/com.st.stm32cube.ide.mcu.externaltools.gnu-tools-for-stm32.7-2018-q2-update.win32_1.4.0.202007081208/tools/bin/../lib/gcc/arm-none-eabi/7.3.1/../../../../arm-none-eabi/lib/thumb/v7-m\libc_nano.a(lib_a-init.o)
 .bss           0x0000000000000000        0x0 d:/mina/st/stm32cubeide_1.4.0/stm32cubeide/plugins/com.st.stm32cube.ide.mcu.externaltools.gnu-tools-for-stm32.7-2018-q2-update.win32_1.4.0.202007081208/tools/bin/../lib/gcc/arm-none-eabi/7.3.1/../../../../arm-none-eabi/lib/thumb/v7-m\libc_nano.a(lib_a-init.o)
 .text          0x0000000000000000        0x0 d:/mina/st/stm32cubeide_1.4.0/stm32cubeide/plugins/com.st.stm32cube.ide.mcu.externaltools.gnu-tools-for-stm32.7-2018-q2-update.win32_1.4.0.202007081208/tools/bin/../lib/gcc/arm-none-eabi/7.3.1/../../../../arm-none-eabi/lib/thumb/v7-m\libc_nano.a(lib_a-memset.o)
 .data          0x0000000000000000        0x0 d:/mina/st/stm32cubeide_1.4.0/stm32cubeide/plugins/com.st.stm32cube.ide.mcu.externaltools.gnu-tools-for-stm32.7-2018-q2-update.win32_1.4.0.202007081208/tools/bin/../lib/gcc/arm-none-eabi/7.3.1/../../../../arm-none-eabi/lib/thumb/v7-m\libc_nano.a(lib_a-memset.o)
 .bss           0x0000000000000000        0x0 d:/mina/st/stm32cubeide_1.4.0/stm32cubeide/plugins/com.st.stm32cube.ide.mcu.externaltools.gnu-tools-for-stm32.7-2018-q2-update.win32_1.4.0.202007081208/tools/bin/../lib/gcc/arm-none-eabi/7.3.1/../../../../arm-none-eabi/lib/thumb/v7-m\libc_nano.a(lib_a-memset.o)
 .text.memset   0x0000000000000000       0x10 d:/mina/st/stm32cubeide_1.4.0/stm32cubeide/plugins/com.st.stm32cube.ide.mcu.externaltools.gnu-tools-for-stm32.7-2018-q2-update.win32_1.4.0.202007081208/tools/bin/../lib/gcc/arm-none-eabi/7.3.1/../../../../arm-none-eabi/lib/thumb/v7-m\libc_nano.a(lib_a-memset.o)
 .debug_frame   0x0000000000000000       0x20 d:/mina/st/stm32cubeide_1.4.0/stm32cubeide/plugins/com.st.stm32cube.ide.mcu.externaltools.gnu-tools-for-stm32.7-2018-q2-update.win32_1.4.0.202007081208/tools/bin/../lib/gcc/arm-none-eabi/7.3.1/../../../../arm-none-eabi/lib/thumb/v7-m\libc_nano.a(lib_a-memset.o)
 .ARM.attributes
                0x0000000000000000       0x2d d:/mina/st/stm32cubeide_1.4.0/stm32cubeide/plugins/com.st.stm32cube.ide.mcu.externaltools.gnu-tools-for-stm32.7-2018-q2-update.win32_1.4.0.202007081208/tools/bin/../lib/gcc/arm-none-eabi/7.3.1/../../../../arm-none-eabi/lib/thumb/v7-m\libc_nano.a(lib_a-memset.o)
 .text          0x0000000000000000        0x0 d:/mina/st/stm32cubeide_1.4.0/stm32cubeide/plugins/com.st.stm32cube.ide.mcu.externaltools.gnu-tools-for-stm32.7-2018-q2-update.win32_1.4.0.202007081208/tools/bin/../lib/gcc/arm-none-eabi/7.3.1/thumb/v7-m/crtend.o
 .data          0x0000000000000000        0x0 d:/mina/st/stm32cubeide_1.4.0/stm32cubeide/plugins/com.st.stm32cube.ide.mcu.externaltools.gnu-tools-for-stm32.7-2018-q2-update.win32_1.4.0.202007081208/tools/bin/../lib/gcc/arm-none-eabi/7.3.1/thumb/v7-m/crtend.o
 .bss           0x0000000000000000        0x0 d:/mina/st/stm32cubeide_1.4.0/stm32cubeide/plugins/com.st.stm32cube.ide.mcu.externaltools.gnu-tools-for-stm32.7-2018-q2-update.win32_1.4.0.202007081208/tools/bin/../lib/gcc/arm-none-eabi/7.3.1/thumb/v7-m/crtend.o
 .eh_frame      0x0000000000000000        0x4 d:/mina/st/stm32cubeide_1.4.0/stm32cubeide/plugins/com.st.stm32cube.ide.mcu.externaltools.gnu-tools-for-stm32.7-2018-q2-update.win32_1.4.0.202007081208/tools/bin/../lib/gcc/arm-none-eabi/7.3.1/thumb/v7-m/crtend.o
 .ARM.attributes
                0x0000000000000000       0x2d d:/mina/st/stm32cubeide_1.4.0/stm32cubeide/plugins/com.st.stm32cube.ide.mcu.externaltools.gnu-tools-for-stm32.7-2018-q2-update.win32_1.4.0.202007081208/tools/bin/../lib/gcc/arm-none-eabi/7.3.1/thumb/v7-m/crtend.o
 .text          0x0000000000000000        0x0 d:/mina/st/stm32cubeide_1.4.0/stm32cubeide/plugins/com.st.stm32cube.ide.mcu.externaltools.gnu-tools-for-stm32.7-2018-q2-update.win32_1.4.0.202007081208/tools/bin/../lib/gcc/arm-none-eabi/7.3.1/thumb/v7-m/crtn.o
 .data          0x0000000000000000        0x0 d:/mina/st/stm32cubeide_1.4.0/stm32cubeide/plugins/com.st.stm32cube.ide.mcu.externaltools.gnu-tools-for-stm32.7-2018-q2-update.win32_1.4.0.202007081208/tools/bin/../lib/gcc/arm-none-eabi/7.3.1/thumb/v7-m/crtn.o
 .bss           0x0000000000000000        0x0 d:/mina/st/stm32cubeide_1.4.0/stm32cubeide/plugins/com.st.stm32cube.ide.mcu.externaltools.gnu-tools-for-stm32.7-2018-q2-update.win32_1.4.0.202007081208/tools/bin/../lib/gcc/arm-none-eabi/7.3.1/thumb/v7-m/crtn.o

Memory Configuration

Name             Origin             Length             Attributes
RAM              0x0000000020000000 0x0000000000002800 xrw
ROM              0x0000000008000000 0x0000000000008000 xr
*default*        0x0000000000000000 0xffffffffffffffff

Linker script and memory map

LOAD d:/mina/st/stm32cubeide_1.4.0/stm32cubeide/plugins/com.st.stm32cube.ide.mcu.externaltools.gnu-tools-for-stm32.7-2018-q2-update.win32_1.4.0.202007081208/tools/bin/../lib/gcc/arm-none-eabi/7.3.1/thumb/v7-m/crti.o
LOAD d:/mina/st/stm32cubeide_1.4.0/stm32cubeide/plugins/com.st.stm32cube.ide.mcu.externaltools.gnu-tools-for-stm32.7-2018-q2-update.win32_1.4.0.202007081208/tools/bin/../lib/gcc/arm-none-eabi/7.3.1/thumb/v7-m/crtbegin.o
LOAD d:/mina/st/stm32cubeide_1.4.0/stm32cubeide/plugins/com.st.stm32cube.ide.mcu.externaltools.gnu-tools-for-stm32.7-2018-q2-update.win32_1.4.0.202007081208/tools/bin/../lib/gcc/arm-none-eabi/7.3.1/../../../../arm-none-eabi/lib/thumb/v7-m/crt0.o
LOAD STM32_F103C6_Drivers/Keypad_Driver/keypad.o
LOAD STM32_F103C6_Drivers/LCD_Driver/LCD.o
LOAD STM32_F103C6_Drivers/STM32_F103C6_EXTI_drivers.o
LOAD STM32_F103C6_Drivers/STM32_F103C6_GPIO_drivers.o
LOAD STM32_F103C6_Drivers/Seven_Segmant_Driver/Seven_Segmant.o
LOAD Src/main.o
LOAD Src/syscalls.o
LOAD Src/sysmem.o
LOAD Startup/startup_stm32f103c6tx.o
START GROUP
LOAD d:/mina/st/stm32cubeide_1.4.0/stm32cubeide/plugins/com.st.stm32cube.ide.mcu.externaltools.gnu-tools-for-stm32.7-2018-q2-update.win32_1.4.0.202007081208/tools/bin/../lib/gcc/arm-none-eabi/7.3.1/../../../../arm-none-eabi/lib/thumb/v7-m\libc_nano.a
LOAD d:/mina/st/stm32cubeide_1.4.0/stm32cubeide/plugins/com.st.stm32cube.ide.mcu.externaltools.gnu-tools-for-stm32.7-2018-q2-update.win32_1.4.0.202007081208/tools/bin/../lib/gcc/arm-none-eabi/7.3.1/../../../../arm-none-eabi/lib/thumb/v7-m\libm.a
END GROUP
START GROUP
LOAD d:/mina/st/stm32cubeide_1.4.0/stm32cubeide/plugins/com.st.stm32cube.ide.mcu.externaltools.gnu-tools-for-stm32.7-2018-q2-update.win32_1.4.0.202007081208/tools/bin/../lib/gcc/arm-none-eabi/7.3.1/thumb/v7-m\libgcc.a
LOAD d:/mina/st/stm32cubeide_1.4.0/stm32cubeide/plugins/com.st.stm32cube.ide.mcu.externaltools.gnu-tools-for-stm32.7-2018-q2-update.win32_1.4.0.202007081208/tools/bin/../lib/gcc/arm-none-eabi/7.3.1/../../../../arm-none-eabi/lib/thumb/v7-m\libg_nano.a
LOAD d:/mina/st/stm32cubeide_1.4.0/stm32cubeide/plugins/com.st.stm32cube.ide.mcu.externaltools.gnu-tools-for-stm32.7-2018-q2-update.win32_1.4.0.202007081208/tools/bin/../lib/gcc/arm-none-eabi/7.3.1/../../../../arm-none-eabi/lib/thumb/v7-m\libc_nano.a
END GROUP
START GROUP
LOAD d:/mina/st/stm32cubeide_1.4.0/stm32cubeide/plugins/com.st.stm32cube.ide.mcu.externaltools.gnu-tools-for-stm32.7-2018-q2-update.win32_1.4.0.202007081208/tools/bin/../lib/gcc/arm-none-eabi/7.3.1/thumb/v7-m\libgcc.a
LOAD d:/mina/st/stm32cubeide_1.4.0/stm32cubeide/plugins/com.st.stm32cube.ide.mcu.externaltools.gnu-tools-for-stm32.7-2018-q2-update.win32_1.4.0.202007081208/tools/bin/../lib/gcc/arm-none-eabi/7.3.1/../../../../arm-none-eabi/lib/thumb/v7-m\libc_nano.a
LOAD d:/mina/st/stm32cubeide_1.4.0/stm32cubeide/plugins/com.st.stm32cube.ide.mcu.externaltools.gnu-tools-for-stm32.7-2018-q2-update.win32_1.4.0.202007081208/tools/bin/../lib/gcc/arm-none-eabi/7.3.1/../../../../arm-none-eabi/lib/thumb/v7-m\libnosys.a
END GROUP
START GROUP
LOAD d:/mina/st/stm32cubeide_1.4.0/stm32cubeide/plugins/com.st.stm32cube.ide.mcu.externaltools.gnu-tools-for-stm32.7-2018-q2-update.win32_1.4.0.202007081208/tools/bin/../lib/gcc/arm-none-eabi/7.3.1/thumb/v7-m\libgcc.a
LOAD d:/mina/st/stm32cubeide_1.4.0/stm32cubeide/plugins/com.st.stm32cube.ide.mcu.externaltools.gnu-tools-for-stm32.7-2018-q2-update.win32_1.4.0.202007081208/tools/bin/../lib/gcc/arm-none-eabi/7.3.1/../../../../arm-none-eabi/lib/thumb/v7-m\libc_nano.a
LOAD d:/mina/st/stm32cubeide_1.4.0/stm32cubeide/plugins/com.st.stm32cube.ide.mcu.externaltools.gnu-tools-for-stm32.7-2018-q2-update.win32_1.4.0.202007081208/tools/bin/../lib/gcc/arm-none-eabi/7.3.1/../../../../arm-none-eabi/lib/thumb/v7-m\libnosys.a
END GROUP
LOAD d:/mina/st/stm32cubeide_1.4.0/stm32cubeide/plugins/com.st.stm32cube.ide.mcu.externaltools.gnu-tools-for-stm32.7-2018-q2-update.win32_1.4.0.202007081208/tools/bin/../lib/gcc/arm-none-eabi/7.3.1/thumb/v7-m/crtend.o
LOAD d:/mina/st/stm32cubeide_1.4.0/stm32cubeide/plugins/com.st.stm32cube.ide.mcu.externaltools.gnu-tools-for-stm32.7-2018-q2-update.win32_1.4.0.202007081208/tools/bin/../lib/gcc/arm-none-eabi/7.3.1/thumb/v7-m/crtn.o
                0x0000000020002800                _estack = (ORIGIN (RAM) + LENGTH (RAM))
                0x0000000000000200                _Min_Heap_Size = 0x200
                0x0000000000000400                _Min_Stack_Size = 0x400

.isr_vector     0x0000000008000000      0x130
                0x0000000008000000                . = ALIGN (0x4)
 *(.isr_vector)
 .isr_vector    0x0000000008000000      0x130 Startup/startup_stm32f103c6tx.o
                0x0000000008000000                g_pfnVectors
                0x0000000008000130                . = ALIGN (0x4)

.text           0x0000000008000130      0xc88
                0x0000000008000130                . = ALIGN (0x4)
 *(.text)
 .text          0x0000000008000130       0x40 d:/mina/st/stm32cubeide_1.4.0/stm32cubeide/plugins/com.st.stm32cube.ide.mcu.externaltools.gnu-tools-for-stm32.7-2018-q2-update.win32_1.4.0.202007081208/tools/bin/../lib/gcc/arm-none-eabi/7.3.1/thumb/v7-m/crtbegin.o
 *(.text*)
 .text.LCD_KICK
                0x0000000008000170       0x2c STM32_F103C6_Drivers/LCD_Driver/LCD.o
                0x0000000008000170                LCD_KICK
 .text.LCD_clear_screen
                0x000000000800019c        0xe STM32_F103C6_Drivers/LCD_Driver/LCD.o
                0x000000000800019c                LCD_clear_screen
 *fill*         0x00000000080001aa        0x2 
 .text.LCD_INIT
                0x00000000080001ac      0x180 STM32_F103C6_Drivers/LCD_Driver/LCD.o
                0x00000000080001ac                LCD_INIT
 .text.LCD_WRITE_COMMAND
                0x000000000800032c       0x48 STM32_F103C6_Drivers/LCD_Driver/LCD.o
                0x000000000800032c                LCD_WRITE_COMMAND
 .text.LCD_WRITE_CHAR
                0x0000000008000374       0x48 STM32_F103C6_Drivers/LCD_Driver/LCD.o
                0x0000000008000374                LCD_WRITE_CHAR
 .text.LCD_WRITE_STRING
                0x00000000080003bc       0x60 STM32_F103C6_Drivers/LCD_Driver/LCD.o
                0x00000000080003bc                LCD_WRITE_STRING
 .text.LCD_GOTO_XY
                0x000000000800041c       0x46 STM32_F103C6_Drivers/LCD_Driver/LCD.o
                0x000000000800041c                LCD_GOTO_XY
 *fill*         0x0000000008000462        0x2 
 .text.Enable_NVIC
                0x0000000008000464       0xcc STM32_F103C6_Drivers/STM32_F103C6_EXTI_drivers.o
                0x0000000008000464                Enable_NVIC
 .text.Disable_NVIC
                0x0000000008000530       0xcc STM32_F103C6_Drivers/STM32_F103C6_EXTI_drivers.o
                0x0000000008000530                Disable_NVIC
 .text.MCAL_EXTI_GPIO_Upadte
                0x00000000080005fc      0x1c8 STM32_F103C6_Drivers/STM32_F103C6_EXTI_drivers.o
                0x00000000080005fc                MCAL_EXTI_GPIO_Upadte
 .text.MCAL_EXTI_GPIO_Init
                0x00000000080007c4       0x16 STM32_F103C6_Drivers/STM32_F103C6_EXTI_drivers.o
                0x00000000080007c4                MCAL_EXTI_GPIO_Init
 *fill*         0x00000000080007da        0x2 
 .text.EXTI0_IRQHandler
                0x00000000080007dc       0x24 STM32_F103C6_Drivers/STM32_F103C6_EXTI_drivers.o
                0x00000000080007dc                EXTI0_IRQHandler
 .text.EXTI1_IRQHandler
                0x0000000008000800       0x24 STM32_F103C6_Drivers/STM32_F103C6_EXTI_drivers.o
                0x0000000008000800                EXTI1_IRQHandler
 .text.EXTI2_IRQHandler
                0x0000000008000824       0x24 STM32_F103C6_Drivers/STM32_F103C6_EXTI_drivers.o
                0x0000000008000824                EXTI2_IRQHandler
 .text.EXTI3_IRQHandler
                0x0000000008000848       0x24 STM32_F103C6_Drivers/STM32_F103C6_EXTI_drivers.o
                0x0000000008000848                EXTI3_IRQHandler
 .text.EXTI4_IRQHandler
                0x000000000800086c       0x24 STM32_F103C6_Drivers/STM32_F103C6_EXTI_drivers.o
                0x000000000800086c                EXTI4_IRQHandler
 .text.EXTI9_5_IRQHandler
                0x0000000008000890       0xb0 STM32_F103C6_Drivers/STM32_F103C6_EXTI_drivers.o
                0x0000000008000890                EXTI9_5_IRQHandler
 .text.EXTI15_10_IRQHandler
                0x0000000008000940       0xd0 STM32_F103C6_Drivers/STM32_F103C6_EXTI_drivers.o
                0x0000000008000940                EXTI15_10_IRQHandler
 .text.Get_CRLH_Position
                0x0000000008000a10       0xc6 STM32_F103C6_Drivers/STM32_F103C6_GPIO_drivers.o
                0x0000000008000a10                Get_CRLH_Position
 .text.MCAL_GPIO_Init
                0x0000000008000ad6      0x10c STM32_F103C6_Drivers/STM32_F103C6_GPIO_drivers.o
                0x0000000008000ad6                MCAL_GPIO_Init
 .text.MCAL_GPIO_WritePin
                0x0000000008000be2       0x2e STM32_F103C6_Drivers/STM32_F103C6_GPIO_drivers.o
                0x0000000008000be2                MCAL_GPIO_WritePin
 .text.MCAL_GPIO_WritePort
                0x0000000008000c10       0x1c STM32_F103C6_Drivers/STM32_F103C6_GPIO_drivers.o
                0x0000000008000c10                MCAL_GPIO_WritePort
 .text.wait     0x0000000008000c2c       0x38 Src/main.o
                0x0000000008000c2c                wait
 .text.EXTI9_CallBack
                0x0000000008000c64       0x24 Src/main.o
                0x0000000008000c64                EXTI9_CallBack
 .text.main     0x0000000008000c88       0x7c Src/main.o
                0x0000000008000c88                main
 .text.Reset_Handler
                0x0000000008000d04       0x50 Startup/startup_stm32f103c6tx.o
                0x0000000008000d04                Reset_Handler
 .text.Default_Handler
                0x0000000008000d54        0x2 Startup/startup_stm32f103c6tx.o
                0x0000000008000d54                TIM8_TRG_COM_IRQHandler
                0x0000000008000d54                TIM8_CC_IRQHandler
                0x0000000008000d54                DebugMon_Handler
                0x0000000008000d54                TIM1_CC_IRQHandler
                0x0000000008000d54                HardFault_Handler
                0x0000000008000d54                TIM6_IRQHandler
                0x0000000008000d54                SysTick_Handler
                0x0000000008000d54                PVD_IRQHandler
                0x0000000008000d54                SDIO_IRQHandler
                0x0000000008000d54                PendSV_Handler
                0x0000000008000d54                NMI_Handler
                0x0000000008000d54                USB_HP_CAN_TX_IRQHandler
                0x0000000008000d54                I2C2_EV_IRQHandler
                0x0000000008000d54                UsageFault_Handler
                0x0000000008000d54                ADC1_2_IRQHandler
                0x0000000008000d54                SPI1_IRQHandler
                0x0000000008000d54                CAN_SCE_IRQHandler
                0x0000000008000d54                TAMPER_IRQHandler
                0x0000000008000d54                TIM8_UP_IRQHandler
                0x0000000008000d54                DMA2_Channel2_IRQHandler
                0x0000000008000d54                DMA1_Channel4_IRQHandler
                0x0000000008000d54                USART3_IRQHandler
                0x0000000008000d54                RTC_IRQHandler
                0x0000000008000d54                DMA1_Channel7_IRQHandler
                0x0000000008000d54                UART5_IRQHandler
                0x0000000008000d54                ADC3_IRQHandler
                0x0000000008000d54                TIM4_IRQHandler
                0x0000000008000d54                CAN_RX1_IRQHandler
                0x0000000008000d54                DMA2_Channel1_IRQHandler
                0x0000000008000d54                I2C1_EV_IRQHandler
                0x0000000008000d54                DMA1_Channel6_IRQHandler
                0x0000000008000d54                UART4_IRQHandler
                0x0000000008000d54                TIM3_IRQHandler
                0x0000000008000d54                RCC_IRQHandler
                0x0000000008000d54                TIM1_TRG_COM_IRQHandler
                0x0000000008000d54                DMA1_Channel1_IRQHandler
                0x0000000008000d54                Default_Handler
                0x0000000008000d54                TIM7_IRQHandler
                0x0000000008000d54                TIM5_IRQHandler
                0x0000000008000d54                SPI2_IRQHandler
                0x0000000008000d54                USB_LP_CAN_RX0_IRQHandler
                0x0000000008000d54                MemManage_Handler
                0x0000000008000d54                SVC_Handler
                0x0000000008000d54                DMA1_Channel5_IRQHandler
                0x0000000008000d54                DMA1_Channel3_IRQHandler
                0x0000000008000d54                FSMC_IRQHandler
                0x0000000008000d54                TIM1_UP_IRQHandler
                0x0000000008000d54                WWDG_IRQHandler
                0x0000000008000d54                TIM2_IRQHandler
                0x0000000008000d54                TIM1_BRK_IRQHandler
                0x0000000008000d54                RTCAlarm_IRQHandler
                0x0000000008000d54                DMA2_Channel4_5_IRQHandler
                0x0000000008000d54                USART2_IRQHandler
                0x0000000008000d54                I2C2_ER_IRQHandler
                0x0000000008000d54                DMA1_Channel2_IRQHandler
                0x0000000008000d54                TIM8_BRK_IRQHandler
                0x0000000008000d54                FLASH_IRQHandler
                0x0000000008000d54                BusFault_Handler
                0x0000000008000d54                USART1_IRQHandler
                0x0000000008000d54                SPI3_IRQHandler
                0x0000000008000d54                I2C1_ER_IRQHandler
                0x0000000008000d54                DMA2_Channel3_IRQHandler
 *fill*         0x0000000008000d56        0x2 
 .text.__libc_init_array
                0x0000000008000d58       0x48 d:/mina/st/stm32cubeide_1.4.0/stm32cubeide/plugins/com.st.stm32cube.ide.mcu.externaltools.gnu-tools-for-stm32.7-2018-q2-update.win32_1.4.0.202007081208/tools/bin/../lib/gcc/arm-none-eabi/7.3.1/../../../../arm-none-eabi/lib/thumb/v7-m\libc_nano.a(lib_a-init.o)
                0x0000000008000d58                __libc_init_array
 *(.glue_7)
 .glue_7        0x0000000008000da0        0x0 linker stubs
 *(.glue_7t)
 .glue_7t       0x0000000008000da0        0x0 linker stubs
 *(.eh_frame)
 .eh_frame      0x0000000008000da0        0x0 d:/mina/st/stm32cubeide_1.4.0/stm32cubeide/plugins/com.st.stm32cube.ide.mcu.externaltools.gnu-tools-for-stm32.7-2018-q2-update.win32_1.4.0.202007081208/tools/bin/../lib/gcc/arm-none-eabi/7.3.1/thumb/v7-m/crtbegin.o
 *(.init)
 .init          0x0000000008000da0        0x4 d:/mina/st/stm32cubeide_1.4.0/stm32cubeide/plugins/com.st.stm32cube.ide.mcu.externaltools.gnu-tools-for-stm32.7-2018-q2-update.win32_1.4.0.202007081208/tools/bin/../lib/gcc/arm-none-eabi/7.3.1/thumb/v7-m/crti.o
                0x0000000008000da0                _init
 .init          0x0000000008000da4        0x8 d:/mina/st/stm32cubeide_1.4.0/stm32cubeide/plugins/com.st.stm32cube.ide.mcu.externaltools.gnu-tools-for-stm32.7-2018-q2-update.win32_1.4.0.202007081208/tools/bin/../lib/gcc/arm-none-eabi/7.3.1/thumb/v7-m/crtn.o
 *(.fini)
 .fini          0x0000000008000dac        0x4 d:/mina/st/stm32cubeide_1.4.0/stm32cubeide/plugins/com.st.stm32cube.ide.mcu.externaltools.gnu-tools-for-stm32.7-2018-q2-update.win32_1.4.0.202007081208/tools/bin/../lib/gcc/arm-none-eabi/7.3.1/thumb/v7-m/crti.o
                0x0000000008000dac                _fini
 .fini          0x0000000008000db0        0x8 d:/mina/st/stm32cubeide_1.4.0/stm32cubeide/plugins/com.st.stm32cube.ide.mcu.externaltools.gnu-tools-for-stm32.7-2018-q2-update.win32_1.4.0.202007081208/tools/bin/../lib/gcc/arm-none-eabi/7.3.1/thumb/v7-m/crtn.o
                0x0000000008000db8                . = ALIGN (0x4)
                0x0000000008000db8                _etext = .

.vfp11_veneer   0x0000000008000db8        0x0
 .vfp11_veneer  0x0000000008000db8        0x0 linker stubs

.v4_bx          0x0000000008000db8        0x0
 .v4_bx         0x0000000008000db8        0x0 linker stubs

.iplt           0x0000000008000db8        0x0
 .iplt          0x0000000008000db8        0x0 d:/mina/st/stm32cubeide_1.4.0/stm32cubeide/plugins/com.st.stm32cube.ide.mcu.externaltools.gnu-tools-for-stm32.7-2018-q2-update.win32_1.4.0.202007081208/tools/bin/../lib/gcc/arm-none-eabi/7.3.1/thumb/v7-m/crtbegin.o

.rodata         0x0000000008000db8       0x24
                0x0000000008000db8                . = ALIGN (0x4)
 *(.rodata)
 .rodata        0x0000000008000db8       0x24 Src/main.o
 *(.rodata*)
                0x0000000008000ddc                . = ALIGN (0x4)

.rel.dyn        0x0000000008000ddc        0x0
 .rel.iplt      0x0000000008000ddc        0x0 d:/mina/st/stm32cubeide_1.4.0/stm32cubeide/plugins/com.st.stm32cube.ide.mcu.externaltools.gnu-tools-for-stm32.7-2018-q2-update.win32_1.4.0.202007081208/tools/bin/../lib/gcc/arm-none-eabi/7.3.1/thumb/v7-m/crtbegin.o

.ARM.extab      0x0000000008000ddc        0x0
                0x0000000008000ddc                . = ALIGN (0x4)
 *(.ARM.extab* .gnu.linkonce.armextab.*)
                0x0000000008000ddc                . = ALIGN (0x4)

.ARM            0x0000000008000ddc        0x0
                0x0000000008000ddc                . = ALIGN (0x4)
                0x0000000008000ddc                __exidx_start = .
 *(.ARM.exidx*)
                0x0000000008000ddc                __exidx_end = .
                0x0000000008000ddc                . = ALIGN (0x4)

.preinit_array  0x0000000008000ddc        0x0
                0x0000000008000ddc                . = ALIGN (0x4)
                0x0000000008000ddc                PROVIDE (__preinit_array_start = .)
 *(.preinit_array*)
                0x0000000008000ddc                PROVIDE (__preinit_array_end = .)
                0x0000000008000ddc                . = ALIGN (0x4)

.init_array     0x0000000008000ddc        0x4
                0x0000000008000ddc                . = ALIGN (0x4)
                0x0000000008000ddc                PROVIDE (__init_array_start = .)
 *(SORT_BY_NAME(.init_array.*))
 *(.init_array*)
 .init_array    0x0000000008000ddc        0x4 d:/mina/st/stm32cubeide_1.4.0/stm32cubeide/plugins/com.st.stm32cube.ide.mcu.externaltools.gnu-tools-for-stm32.7-2018-q2-update.win32_1.4.0.202007081208/tools/bin/../lib/gcc/arm-none-eabi/7.3.1/thumb/v7-m/crtbegin.o
                0x0000000008000de0                PROVIDE (__init_array_end = .)
                0x0000000008000de0                . = ALIGN (0x4)

.fini_array     0x0000000008000de0        0x4
                0x0000000008000de0                . = ALIGN (0x4)
                [!provide]                        PROVIDE (__fini_array_start = .)
 *(SORT_BY_NAME(.fini_array.*))
 *(.fini_array*)
 .fini_array    0x0000000008000de0        0x4 d:/mina/st/stm32cubeide_1.4.0/stm32cubeide/plugins/com.st.stm32cube.ide.mcu.externaltools.gnu-tools-for-stm32.7-2018-q2-update.win32_1.4.0.202007081208/tools/bin/../lib/gcc/arm-none-eabi/7.3.1/thumb/v7-m/crtbegin.o
                [!provide]                        PROVIDE (__fini_array_end = .)
                0x0000000008000de4                . = ALIGN (0x4)
                0x0000000008000de4                _sidata = LOADADDR (.data)

.data           0x0000000020000000        0x0 load address 0x0000000008000de4
                0x0000000020000000                . = ALIGN (0x4)
                0x0000000020000000                _sdata = .
 *(.data)
 *(.data*)
                0x0000000020000000                . = ALIGN (0x4)
                0x0000000020000000                _edata = .

.igot.plt       0x0000000020000000        0x0 load address 0x0000000008000de4
 .igot.plt      0x0000000020000000        0x0 d:/mina/st/stm32cubeide_1.4.0/stm32cubeide/plugins/com.st.stm32cube.ide.mcu.externaltools.gnu-tools-for-stm32.7-2018-q2-update.win32_1.4.0.202007081208/tools/bin/../lib/gcc/arm-none-eabi/7.3.1/thumb/v7-m/crtbegin.o
                0x0000000020000000                . = ALIGN (0x4)

.bss            0x0000000020000000       0x64 load address 0x0000000008000de4
                0x0000000020000000                _sbss = .
                0x0000000020000000                __bss_start__ = _sbss
 *(.bss)
 .bss           0x0000000020000000       0x1c d:/mina/st/stm32cubeide_1.4.0/stm32cubeide/plugins/com.st.stm32cube.ide.mcu.externaltools.gnu-tools-for-stm32.7-2018-q2-update.win32_1.4.0.202007081208/tools/bin/../lib/gcc/arm-none-eabi/7.3.1/thumb/v7-m/crtbegin.o
 *(.bss*)
 *(COMMON)
 COMMON         0x000000002000001c        0x4 STM32_F103C6_Drivers/LCD_Driver/LCD.o
                0x000000002000001c                PinCfg
 COMMON         0x0000000020000020       0x40 STM32_F103C6_Drivers/STM32_F103C6_EXTI_drivers.o
                0x0000000020000020                GP_IRQ_CallBack
 COMMON         0x0000000020000060        0x1 Src/main.o
                0x0000000020000060                IRQ_Flag
                0x0000000020000064                . = ALIGN (0x4)
 *fill*         0x0000000020000061        0x3 
                0x0000000020000064                _ebss = .
                0x0000000020000064                __bss_end__ = _ebss

._user_heap_stack
                0x0000000020000064      0x604 load address 0x0000000008000de4
                0x0000000020000068                . = ALIGN (0x8)
 *fill*         0x0000000020000064        0x4 
                [!provide]                        PROVIDE (end = .)
                0x0000000020000068                PROVIDE (_end = .)
                0x0000000020000268                . = (. + _Min_Heap_Size)
 *fill*         0x0000000020000068      0x200 
                0x0000000020000668                . = (. + _Min_Stack_Size)
 *fill*         0x0000000020000268      0x400 
                0x0000000020000668                . = ALIGN (0x8)

/DISCARD/
 libc.a(*)
 libm.a(*)
 libgcc.a(*)

.ARM.attributes
                0x0000000000000000       0x29
 *(.ARM.attributes)
 .ARM.attributes
                0x0000000000000000       0x1d d:/mina/st/stm32cubeide_1.4.0/stm32cubeide/plugins/com.st.stm32cube.ide.mcu.externaltools.gnu-tools-for-stm32.7-2018-q2-update.win32_1.4.0.202007081208/tools/bin/../lib/gcc/arm-none-eabi/7.3.1/thumb/v7-m/crti.o
 .ARM.attributes
                0x000000000000001d       0x2d d:/mina/st/stm32cubeide_1.4.0/stm32cubeide/plugins/com.st.stm32cube.ide.mcu.externaltools.gnu-tools-for-stm32.7-2018-q2-update.win32_1.4.0.202007081208/tools/bin/../lib/gcc/arm-none-eabi/7.3.1/thumb/v7-m/crtbegin.o
 .ARM.attributes
                0x000000000000004a       0x33 STM32_F103C6_Drivers/LCD_Driver/LCD.o
 .ARM.attributes
                0x000000000000007d       0x33 STM32_F103C6_Drivers/STM32_F103C6_EXTI_drivers.o
 .ARM.attributes
                0x00000000000000b0       0x33 STM32_F103C6_Drivers/STM32_F103C6_GPIO_drivers.o
 .ARM.attributes
                0x00000000000000e3       0x33 Src/main.o
 .ARM.attributes
                0x0000000000000116       0x21 Startup/startup_stm32f103c6tx.o
 .ARM.attributes
                0x0000000000000137       0x2d d:/mina/st/stm32cubeide_1.4.0/stm32cubeide/plugins/com.st.stm32cube.ide.mcu.externaltools.gnu-tools-for-stm32.7-2018-q2-update.win32_1.4.0.202007081208/tools/bin/../lib/gcc/arm-none-eabi/7.3.1/../../../../arm-none-eabi/lib/thumb/v7-m\libc_nano.a(lib_a-init.o)
 .ARM.attributes
                0x0000000000000164       0x1d d:/mina/st/stm32cubeide_1.4.0/stm32cubeide/plugins/com.st.stm32cube.ide.mcu.externaltools.gnu-tools-for-stm32.7-2018-q2-update.win32_1.4.0.202007081208/tools/bin/../lib/gcc/arm-none-eabi/7.3.1/thumb/v7-m/crtn.o
OUTPUT(Drivers.elf elf32-littlearm)

.debug_info     0x0000000000000000     0x33e4
 .debug_info    0x0000000000000000      0xc2f STM32_F103C6_Drivers/LCD_Driver/LCD.o
 .debug_info    0x0000000000000c2f      0xdbf STM32_F103C6_Drivers/STM32_F103C6_EXTI_drivers.o
 .debug_info    0x00000000000019ee      0xd92 STM32_F103C6_Drivers/STM32_F103C6_GPIO_drivers.o
 .debug_info    0x0000000000002780      0xc42 Src/main.o
 .debug_info    0x00000000000033c2       0x22 Startup/startup_stm32f103c6tx.o

.debug_abbrev   0x0000000000000000      0x806
 .debug_abbrev  0x0000000000000000      0x20e STM32_F103C6_Drivers/LCD_Driver/LCD.o
 .debug_abbrev  0x000000000000020e      0x228 STM32_F103C6_Drivers/STM32_F103C6_EXTI_drivers.o
 .debug_abbrev  0x0000000000000436      0x1de STM32_F103C6_Drivers/STM32_F103C6_GPIO_drivers.o
 .debug_abbrev  0x0000000000000614      0x1e0 Src/main.o
 .debug_abbrev  0x00000000000007f4       0x12 Startup/startup_stm32f103c6tx.o

.debug_loc      0x0000000000000000      0x8dc
 .debug_loc     0x0000000000000000      0x21c STM32_F103C6_Drivers/LCD_Driver/LCD.o
 .debug_loc     0x000000000000021c      0x2d0 STM32_F103C6_Drivers/STM32_F103C6_EXTI_drivers.o
 .debug_loc     0x00000000000004ec      0x330 STM32_F103C6_Drivers/STM32_F103C6_GPIO_drivers.o
 .debug_loc     0x000000000000081c       0xc0 Src/main.o

.debug_aranges  0x0000000000000000      0x190
 .debug_aranges
                0x0000000000000000       0x60 STM32_F103C6_Drivers/LCD_Driver/LCD.o
 .debug_aranges
                0x0000000000000060       0x78 STM32_F103C6_Drivers/STM32_F103C6_EXTI_drivers.o
 .debug_aranges
                0x00000000000000d8       0x60 STM32_F103C6_Drivers/STM32_F103C6_GPIO_drivers.o
 .debug_aranges
                0x0000000000000138       0x30 Src/main.o
 .debug_aranges
                0x0000000000000168       0x28 Startup/startup_stm32f103c6tx.o

.debug_ranges   0x0000000000000000      0x148
 .debug_ranges  0x0000000000000000       0x50 STM32_F103C6_Drivers/LCD_Driver/LCD.o
 .debug_ranges  0x0000000000000050       0x68 STM32_F103C6_Drivers/STM32_F103C6_EXTI_drivers.o
 .debug_ranges  0x00000000000000b8       0x50 STM32_F103C6_Drivers/STM32_F103C6_GPIO_drivers.o
 .debug_ranges  0x0000000000000108       0x20 Src/main.o
 .debug_ranges  0x0000000000000128       0x20 Startup/startup_stm32f103c6tx.o

.debug_macro    0x0000000000000000      0xb5e
 .debug_macro   0x0000000000000000      0x181 STM32_F103C6_Drivers/LCD_Driver/LCD.o
 .debug_macro   0x0000000000000181       0x8e STM32_F103C6_Drivers/LCD_Driver/LCD.o
 .debug_macro   0x000000000000020f       0x51 STM32_F103C6_Drivers/LCD_Driver/LCD.o
 .debug_macro   0x0000000000000260       0x46 STM32_F103C6_Drivers/LCD_Driver/LCD.o
 .debug_macro   0x00000000000002a6       0x9a STM32_F103C6_Drivers/LCD_Driver/LCD.o
 .debug_macro   0x0000000000000340      0x16f STM32_F103C6_Drivers/STM32_F103C6_EXTI_drivers.o
 .debug_macro   0x00000000000004af       0xd0 STM32_F103C6_Drivers/STM32_F103C6_EXTI_drivers.o
 .debug_macro   0x000000000000057f      0x223 STM32_F103C6_Drivers/STM32_F103C6_EXTI_drivers.o
 .debug_macro   0x00000000000007a2      0x160 STM32_F103C6_Drivers/STM32_F103C6_GPIO_drivers.o
 .debug_macro   0x0000000000000902      0x1a0 Src/main.o
 .debug_macro   0x0000000000000aa2       0x40 Src/main.o
 .debug_macro   0x0000000000000ae2       0x7c Src/main.o

.debug_line     0x0000000000000000     0x1cd4
 .debug_line    0x0000000000000000      0x6b9 STM32_F103C6_Drivers/LCD_Driver/LCD.o
 .debug_line    0x00000000000006b9      0x7a4 STM32_F103C6_Drivers/STM32_F103C6_EXTI_drivers.o
 .debug_line    0x0000000000000e5d      0x6e3 STM32_F103C6_Drivers/STM32_F103C6_GPIO_drivers.o
 .debug_line    0x0000000000001540      0x710 Src/main.o
 .debug_line    0x0000000000001c50       0x84 Startup/startup_stm32f103c6tx.o

.debug_str      0x0000000000000000     0x973f
 .debug_str     0x0000000000000000     0x7e5d STM32_F103C6_Drivers/LCD_Driver/LCD.o
                                       0x80ca (size before relaxing)
 .debug_str     0x0000000000007e5d     0x14f8 STM32_F103C6_Drivers/STM32_F103C6_EXTI_drivers.o
                                       0x9283 (size before relaxing)
 .debug_str     0x0000000000009355      0x17f STM32_F103C6_Drivers/STM32_F103C6_GPIO_drivers.o
                                       0x7f05 (size before relaxing)
 .debug_str     0x00000000000094d4      0x23a Src/main.o
                                       0x9548 (size before relaxing)
 .debug_str     0x000000000000970e       0x31 Startup/startup_stm32f103c6tx.o
                                         0x64 (size before relaxing)

.comment        0x0000000000000000       0x7b
 .comment       0x0000000000000000       0x7b STM32_F103C6_Drivers/LCD_Driver/LCD.o
                                         0x7c (size before relaxing)
 .comment       0x000000000000007b       0x7c STM32_F103C6_Drivers/STM32_F103C6_EXTI_drivers.o
 .comment       0x000000000000007b       0x7c STM32_F103C6_Drivers/STM32_F103C6_GPIO_drivers.o
 .comment       0x000000000000007b       0x7c Src/main.o

.debug_frame    0x0000000000000000      0x4d0
 .debug_frame   0x0000000000000000      0x12c STM32_F103C6_Drivers/LCD_Driver/LCD.o
 .debug_frame   0x000000000000012c      0x18c STM32_F103C6_Drivers/STM32_F103C6_EXTI_drivers.o
 .debug_frame   0x00000000000002b8      0x178 STM32_F103C6_Drivers/STM32_F103C6_GPIO_drivers.o
 .debug_frame   0x0000000000000430       0x74 Src/main.o
 .debug_frame   0x00000000000004a4       0x2c d:/mina/st/stm32cubeide_1.4.0/stm32cubeide/plugins/com.st.stm32cube.ide.mcu.externaltools.gnu-tools-for-stm32.7-2018-q2-update.win32_1.4.0.202007081208/tools/bin/../lib/gcc/arm-none-eabi/7.3.1/../../../../arm-none-eabi/lib/thumb/v7-m\libc_nano.a(lib_a-init.o)
